Archive member included because of file (symbol)

C:/Program Files (x86)/POB-Technology/POBTOOLS4/sdk/pobeye2\libpob2.a(init.o)
                              ./P3_Functions_Integrated.o (InitPobeye2)
C:/Program Files (x86)/POB-Technology/POBTOOLS4/sdk/pobeye2\libpob2.a(uart0.o)
                              ./P3_Functions_Integrated.o (InitUART0)
C:/Program Files (x86)/POB-Technology/POBTOOLS4/sdk/pobeye2\libpob2.a(i2c.o)
                              ./detectImage.o (InitI2C)
C:/Program Files (x86)/POB-Technology/POBTOOLS4/sdk/pobeye2\libpob2.a(cam_pobeye2.o)
                              ./detectImage.o (GetRGBFrame)
C:/Program Files (x86)/POB-Technology/POBTOOLS4/sdk/pobeye2\libpob2.a(visio.o)
                              ./detectImage.o (BinaryRGBFrame)
C:/Program Files (x86)/POB-Technology/POBTOOLS4/sdk/pobeye2\libpob2.a(interrupt.o)
                              C:/Program Files (x86)/POB-Technology/POBTOOLS4/sdk/pobeye2\libpob2.a(uart0.o) (enableIRQ)
C:/Program Files (x86)/POB-Technology/POBTOOLS4/sdk/pobeye2\libpob2.a(pob-proto.o)
                              ./actions.o (SwitchOnAllServo)
C:/Program Files (x86)/POB-Technology/POBTOOLS4/sdk/pobeye2\libpob2.a(graph.o)
                              ./detectImage.o (InitGraphicBuffer)
C:/Program Files (x86)/POB-Technology/POBTOOLS4/sdk/pobeye2\libpob2.a(lcd.o)
                              ./actions.o (DrawLCD)
C:/Program Files (x86)/POB-Technology/POBTOOLS4/sdk/pobeye2\libpob2.a(pob_printf.o)
                              ./actions.o (PrintToABuffer)
C:/Program Files (x86)/POB-Technology/POBTOOLS4/sdk/pobeye2\libpob2.a(utils.o)
                              C:/Program Files (x86)/POB-Technology/POBTOOLS4/sdk/pobeye2\libpob2.a(cam_pobeye2.o) (WaitMs)
C:/Program Files (x86)/POB-Technology/POBTOOLS4/sdk/pobeye2\libpob2.a(io-bus.o)
                              C:/Program Files (x86)/POB-Technology/POBTOOLS4/sdk/pobeye2\libpob2.a(lcd.o) (SetIOWay)
C:/Program Files (x86)/POB-Technology/POBTOOLS4/sdk/pobeye2\libpob2.a(timer.o)
                              C:/Program Files (x86)/POB-Technology/POBTOOLS4/sdk/pobeye2\libpob2.a(io-bus.o) (WaitUs)
c:/program files (x86)/yagarto/bin/../lib/gcc/arm-elf/4.4.1/interwork\libgcc.a(_udivsi3.o)
                              C:/Program Files (x86)/POB-Technology/POBTOOLS4/sdk/pobeye2\libpob2.a(pob_printf.o) (__udivsi3)
c:/program files (x86)/yagarto/bin/../lib/gcc/arm-elf/4.4.1/interwork\libgcc.a(_divsi3.o)
                              C:/Program Files (x86)/POB-Technology/POBTOOLS4/sdk/pobeye2\libpob2.a(visio.o) (__divsi3)
c:/program files (x86)/yagarto/bin/../lib/gcc/arm-elf/4.4.1/interwork\libgcc.a(_umodsi3.o)
                              C:/Program Files (x86)/POB-Technology/POBTOOLS4/sdk/pobeye2\libpob2.a(pob_printf.o) (__umodsi3)
c:/program files (x86)/yagarto/bin/../lib/gcc/arm-elf/4.4.1/interwork\libgcc.a(_dvmd_tls.o)
                              c:/program files (x86)/yagarto/bin/../lib/gcc/arm-elf/4.4.1/interwork\libgcc.a(_udivsi3.o) (__div0)
c:/program files (x86)/yagarto/bin/../lib/gcc/arm-elf/4.4.1/interwork\libgcc.a(_arm_addsubdf3.o)
                              C:/Program Files (x86)/POB-Technology/POBTOOLS4/sdk/pobeye2\libpob2.a(visio.o) (__floatsidf)
c:/program files (x86)/yagarto/bin/../lib/gcc/arm-elf/4.4.1/interwork\libgcc.a(_arm_muldivdf3.o)
                              C:/Program Files (x86)/POB-Technology/POBTOOLS4/sdk/pobeye2\libpob2.a(visio.o) (__muldf3)
c:/program files (x86)/yagarto/bin/../lib/gcc/arm-elf/4.4.1/interwork\libgcc.a(_arm_truncdfsf2.o)
                              C:/Program Files (x86)/POB-Technology/POBTOOLS4/sdk/pobeye2\libpob2.a(visio.o) (__truncdfsf2)
c:/program files (x86)/yagarto/bin/../lib/gcc/arm-elf/4.4.1/interwork\libgcc.a(_arm_addsubsf3.o)
                              C:/Program Files (x86)/POB-Technology/POBTOOLS4/sdk/pobeye2\libpob2.a(visio.o) (__addsf3)
c:/program files (x86)/yagarto/bin/../lib/gcc/arm-elf/4.4.1/interwork\libgcc.a(_arm_muldivsf3.o)
                              C:/Program Files (x86)/POB-Technology/POBTOOLS4/sdk/pobeye2\libpob2.a(visio.o) (__divsf3)
c:/program files (x86)/yagarto/bin/../lib/gcc/arm-elf/4.4.1/interwork\libgcc.a(_arm_fixunssfsi.o)
                              C:/Program Files (x86)/POB-Technology/POBTOOLS4/sdk/pobeye2\libpob2.a(visio.o) (__fixunssfsi)

Allocating common symbols
Common symbol       size              file

uart0UserRead       0x4               C:/Program Files (x86)/POB-Technology/POBTOOLS4/sdk/pobeye2\libpob2.a(uart0.o)
FrameFromCam        0x4               ./P3_Functions_Integrated.o
PrevDir             0x4               ./P3_Functions_Integrated.o
Nb_Identify         0x1               ./P3_Functions_Integrated.o
i                   0x1               ./P3_Functions_Integrated.o
LCD_Buffer          0x400             ./P3_Functions_Integrated.o
Timer0Flag          0x1               C:/Program Files (x86)/POB-Technology/POBTOOLS4/sdk/pobeye2\libpob2.a(timer.o)
ListOfForm          0x50              ./P3_Functions_Integrated.o
ScreenBuffer        0x8               ./P3_Functions_Integrated.o
Timer0UserProcess   0x4               C:/Program Files (x86)/POB-Technology/POBTOOLS4/sdk/pobeye2\libpob2.a(timer.o)
uart0IntrBuffer     0x40              C:/Program Files (x86)/POB-Technology/POBTOOLS4/sdk/pobeye2\libpob2.a(uart0.o)
uart0IntrWrite      0x4               C:/Program Files (x86)/POB-Technology/POBTOOLS4/sdk/pobeye2\libpob2.a(uart0.o)

Discarded input sections

 .debug_frame   0x00000000        0x0 c:/program files (x86)/yagarto/bin/../lib/gcc/arm-elf/4.4.1/interwork\libgcc.a(_udivsi3.o)
 .debug_line    0x00000000        0x0 c:/program files (x86)/yagarto/bin/../lib/gcc/arm-elf/4.4.1/interwork\libgcc.a(_udivsi3.o)
 .debug_info    0x00000000        0x0 c:/program files (x86)/yagarto/bin/../lib/gcc/arm-elf/4.4.1/interwork\libgcc.a(_udivsi3.o)
 .debug_abbrev  0x00000000        0x0 c:/program files (x86)/yagarto/bin/../lib/gcc/arm-elf/4.4.1/interwork\libgcc.a(_udivsi3.o)
 .debug_aranges
                0x00000000        0x0 c:/program files (x86)/yagarto/bin/../lib/gcc/arm-elf/4.4.1/interwork\libgcc.a(_udivsi3.o)
 .debug_frame   0x00000000        0x0 c:/program files (x86)/yagarto/bin/../lib/gcc/arm-elf/4.4.1/interwork\libgcc.a(_divsi3.o)
 .debug_line    0x00000000        0x0 c:/program files (x86)/yagarto/bin/../lib/gcc/arm-elf/4.4.1/interwork\libgcc.a(_divsi3.o)
 .debug_info    0x00000000        0x0 c:/program files (x86)/yagarto/bin/../lib/gcc/arm-elf/4.4.1/interwork\libgcc.a(_divsi3.o)
 .debug_abbrev  0x00000000        0x0 c:/program files (x86)/yagarto/bin/../lib/gcc/arm-elf/4.4.1/interwork\libgcc.a(_divsi3.o)
 .debug_aranges
                0x00000000        0x0 c:/program files (x86)/yagarto/bin/../lib/gcc/arm-elf/4.4.1/interwork\libgcc.a(_divsi3.o)
 .debug_frame   0x00000000        0x0 c:/program files (x86)/yagarto/bin/../lib/gcc/arm-elf/4.4.1/interwork\libgcc.a(_umodsi3.o)
 .debug_line    0x00000000        0x0 c:/program files (x86)/yagarto/bin/../lib/gcc/arm-elf/4.4.1/interwork\libgcc.a(_umodsi3.o)
 .debug_info    0x00000000        0x0 c:/program files (x86)/yagarto/bin/../lib/gcc/arm-elf/4.4.1/interwork\libgcc.a(_umodsi3.o)
 .debug_abbrev  0x00000000        0x0 c:/program files (x86)/yagarto/bin/../lib/gcc/arm-elf/4.4.1/interwork\libgcc.a(_umodsi3.o)
 .debug_aranges
                0x00000000        0x0 c:/program files (x86)/yagarto/bin/../lib/gcc/arm-elf/4.4.1/interwork\libgcc.a(_umodsi3.o)
 .debug_line    0x00000000        0x0 c:/program files (x86)/yagarto/bin/../lib/gcc/arm-elf/4.4.1/interwork\libgcc.a(_dvmd_tls.o)
 .debug_info    0x00000000        0x0 c:/program files (x86)/yagarto/bin/../lib/gcc/arm-elf/4.4.1/interwork\libgcc.a(_dvmd_tls.o)
 .debug_abbrev  0x00000000        0x0 c:/program files (x86)/yagarto/bin/../lib/gcc/arm-elf/4.4.1/interwork\libgcc.a(_dvmd_tls.o)
 .debug_aranges
                0x00000000        0x0 c:/program files (x86)/yagarto/bin/../lib/gcc/arm-elf/4.4.1/interwork\libgcc.a(_dvmd_tls.o)
 .debug_line    0x00000000        0x0 c:/program files (x86)/yagarto/bin/../lib/gcc/arm-elf/4.4.1/interwork\libgcc.a(_arm_addsubdf3.o)
 .debug_info    0x00000000        0x0 c:/program files (x86)/yagarto/bin/../lib/gcc/arm-elf/4.4.1/interwork\libgcc.a(_arm_addsubdf3.o)
 .debug_abbrev  0x00000000        0x0 c:/program files (x86)/yagarto/bin/../lib/gcc/arm-elf/4.4.1/interwork\libgcc.a(_arm_addsubdf3.o)
 .debug_aranges
                0x00000000        0x0 c:/program files (x86)/yagarto/bin/../lib/gcc/arm-elf/4.4.1/interwork\libgcc.a(_arm_addsubdf3.o)
 .debug_line    0x00000000        0x0 c:/program files (x86)/yagarto/bin/../lib/gcc/arm-elf/4.4.1/interwork\libgcc.a(_arm_muldivdf3.o)
 .debug_info    0x00000000        0x0 c:/program files (x86)/yagarto/bin/../lib/gcc/arm-elf/4.4.1/interwork\libgcc.a(_arm_muldivdf3.o)
 .debug_abbrev  0x00000000        0x0 c:/program files (x86)/yagarto/bin/../lib/gcc/arm-elf/4.4.1/interwork\libgcc.a(_arm_muldivdf3.o)
 .debug_aranges
                0x00000000        0x0 c:/program files (x86)/yagarto/bin/../lib/gcc/arm-elf/4.4.1/interwork\libgcc.a(_arm_muldivdf3.o)
 .debug_line    0x00000000        0x0 c:/program files (x86)/yagarto/bin/../lib/gcc/arm-elf/4.4.1/interwork\libgcc.a(_arm_truncdfsf2.o)
 .debug_info    0x00000000        0x0 c:/program files (x86)/yagarto/bin/../lib/gcc/arm-elf/4.4.1/interwork\libgcc.a(_arm_truncdfsf2.o)
 .debug_abbrev  0x00000000        0x0 c:/program files (x86)/yagarto/bin/../lib/gcc/arm-elf/4.4.1/interwork\libgcc.a(_arm_truncdfsf2.o)
 .debug_aranges
                0x00000000        0x0 c:/program files (x86)/yagarto/bin/../lib/gcc/arm-elf/4.4.1/interwork\libgcc.a(_arm_truncdfsf2.o)
 .debug_line    0x00000000        0x0 c:/program files (x86)/yagarto/bin/../lib/gcc/arm-elf/4.4.1/interwork\libgcc.a(_arm_addsubsf3.o)
 .debug_info    0x00000000        0x0 c:/program files (x86)/yagarto/bin/../lib/gcc/arm-elf/4.4.1/interwork\libgcc.a(_arm_addsubsf3.o)
 .debug_abbrev  0x00000000        0x0 c:/program files (x86)/yagarto/bin/../lib/gcc/arm-elf/4.4.1/interwork\libgcc.a(_arm_addsubsf3.o)
 .debug_aranges
                0x00000000        0x0 c:/program files (x86)/yagarto/bin/../lib/gcc/arm-elf/4.4.1/interwork\libgcc.a(_arm_addsubsf3.o)
 .debug_line    0x00000000        0x0 c:/program files (x86)/yagarto/bin/../lib/gcc/arm-elf/4.4.1/interwork\libgcc.a(_arm_muldivsf3.o)
 .debug_info    0x00000000        0x0 c:/program files (x86)/yagarto/bin/../lib/gcc/arm-elf/4.4.1/interwork\libgcc.a(_arm_muldivsf3.o)
 .debug_abbrev  0x00000000        0x0 c:/program files (x86)/yagarto/bin/../lib/gcc/arm-elf/4.4.1/interwork\libgcc.a(_arm_muldivsf3.o)
 .debug_aranges
                0x00000000        0x0 c:/program files (x86)/yagarto/bin/../lib/gcc/arm-elf/4.4.1/interwork\libgcc.a(_arm_muldivsf3.o)
 .debug_line    0x00000000        0x0 c:/program files (x86)/yagarto/bin/../lib/gcc/arm-elf/4.4.1/interwork\libgcc.a(_arm_fixunssfsi.o)
 .debug_info    0x00000000        0x0 c:/program files (x86)/yagarto/bin/../lib/gcc/arm-elf/4.4.1/interwork\libgcc.a(_arm_fixunssfsi.o)
 .debug_abbrev  0x00000000        0x0 c:/program files (x86)/yagarto/bin/../lib/gcc/arm-elf/4.4.1/interwork\libgcc.a(_arm_fixunssfsi.o)
 .debug_aranges
                0x00000000        0x0 c:/program files (x86)/yagarto/bin/../lib/gcc/arm-elf/4.4.1/interwork\libgcc.a(_arm_fixunssfsi.o)

Memory Configuration

Name             Origin             Length             Attributes
flash            0x00000000         0x0001e000
ram              0x40000000         0x0000ffe0
*default*        0x00000000         0xffffffff

Linker script and memory map

LOAD ./P3_Functions_Integrated.o
LOAD ./detectImage.o
LOAD ./actions.o
LOAD c:/program files (x86)/yagarto/bin/../lib/gcc/arm-elf/4.4.1/../../../../arm-elf/lib/interwork\libc.a
LOAD c:/program files (x86)/yagarto/bin/../lib/gcc/arm-elf/4.4.1/../../../../arm-elf/lib/interwork\libm.a
LOAD c:/program files (x86)/yagarto/bin/../lib/gcc/arm-elf/4.4.1/interwork\libgcc.a
LOAD C:/Program Files (x86)/POB-Technology/POBTOOLS4/sdk/pobeye2\boot.o
LOAD C:/Program Files (x86)/POB-Technology/POBTOOLS4/sdk/pobeye2\libpob2.a
START GROUP
LOAD c:/program files (x86)/yagarto/bin/../lib/gcc/arm-elf/4.4.1/interwork\libgcc.a
LOAD c:/program files (x86)/yagarto/bin/../lib/gcc/arm-elf/4.4.1/../../../../arm-elf/lib/interwork\libc.a
END GROUP
                0x00000000                . = 0x0

startup         0x00000000       0x48
 *(.startup)
 .startup       0x00000000       0x48 C:/Program Files (x86)/POB-Technology/POBTOOLS4/sdk/pobeye2\boot.o

prog            0x00000048     0x8078
 *(.text)
 .text          0x00000048      0x148 ./P3_Functions_Integrated.o
                0x00000048                main
 .text          0x00000190      0x24c ./detectImage.o
                0x00000364                DetectImageInit
                0x00000190                SignRecognition
 .text          0x000003dc     0x1620 ./actions.o
                0x000009fc                Initialization
                0x0000143c                MoveBot
                0x0000086c                InitAsciiBuffer
                0x000008c8                InitPobProto
                0x000003dc                PrintTextOnPobLCD
                0x00001848                MoveCamera
                0x000004dc                is_valid
                0x00000a34                PrintStatus
 .text          0x000019fc       0xb8 C:/Program Files (x86)/POB-Technology/POBTOOLS4/sdk/pobeye2\boot.o
                0x000019fc                start
                0x00001a98                endless_loop
 .text          0x00001ab4      0x110 C:/Program Files (x86)/POB-Technology/POBTOOLS4/sdk/pobeye2\libpob2.a(init.o)
                0x00001bb4                intr_swi
                0x00001ad0                InitPobeye2
                0x00001bb0                intr_undefined
                0x00001bc0                intr_fiq
                0x00001bbc                intr_dabort
                0x00001bb8                intr_pabort
 .text          0x00001bc4      0x568 C:/Program Files (x86)/POB-Technology/POBTOOLS4/sdk/pobeye2\libpob2.a(uart0.o)
                0x00001f30                InitUART0
                0x00001ca8                SetUART0Configuration
                0x000020c8                InitUART0Intr
                0x00001fa8                FlushUART0
                0x00001fe0                SendByteToUART0
                0x00001bc4                Uart0IrqHandler
                0x00001fc0                IsUART0Empty
                0x00002040                GetByteFromUART0
                0x00002090                GetBufferFromUART0
                0x00002064                GetByteFromUART0NoWait
                0x00002008                SendBufferToUART0
                0x00001c48                GetByteFromUART0Intr
 .text          0x0000212c      0x29c C:/Program Files (x86)/POB-Technology/POBTOOLS4/sdk/pobeye2\libpob2.a(i2c.o)
                0x0000230c                WriteOnI2C
                0x0000212c                InitI2C
                0x00002264                ReadOnI2C
                0x00002348                WriteBufferOnI2C
                0x0000239c                StopI2C
                0x000022a4                ReadOnI2CWithAck
                0x00002190                SendSlaveAddress
 .text          0x000023c8      0x5b8 C:/Program Files (x86)/POB-Technology/POBTOOLS4/sdk/pobeye2\libpob2.a(cam_pobeye2.o)
                0x00002678                SetCameraParameter
                0x00002558                GrabRGBFrame
                0x000023d4                InitCameraPobeye2ForCubot
                0x000026a8                QvgaRaw
                0x00002900                InitCameraPobeye2
                0x000023c8                GetRGBFrame
                0x00002440                GrabFullRGBFrame
 .text          0x00002980     0x1288 C:/Program Files (x86)/POB-Technology/POBTOOLS4/sdk/pobeye2\libpob2.a(visio.o)
                0x00002a40                GetHSLFrame
                0x00002980                BinaryRGBFrame
                0x00003678                TestPattern
                0x00002ea8                CutForm
                0x00003a74                IdentifyForm
                0x00002d74                Square
                0x00002b8c                GetHSVFrame
                0x0000340c                FindFormWithCadrige
                0x00002d2c                GrayAPixel
                0x000034b8                DrawVec
                0x00002cc0                GrayRGBFrame
 .text          0x00003c08       0x3c C:/Program Files (x86)/POB-Technology/POBTOOLS4/sdk/pobeye2\libpob2.a(interrupt.o)
                0x00003c28                restoreIRQ
                0x00003c08                enableIRQ
                0x00003c18                disableIRQ
 .text          0x00003c44      0x91c C:/Program Files (x86)/POB-Technology/POBTOOLS4/sdk/pobeye2\libpob2.a(pob-proto.o)
                0x000044c8                GetPinPortA
                0x000040a8                GetPinPortC
                0x00003e98                SetPortD
                0x000044b0                SetPinPortA
                0x00003c44                SendToSapien
                0x00003ec0                SetPortA
                0x00004498                ClearPinPortA
                0x00003db4                SetServoMotorFull
                0x00003ee8                SetPortDAsServo
                0x00004250                ClearPinPortD
                0x000043c4                GetPortA
                0x00003e70                SetPortC
                0x00004280                GetPinPortD
                0x00003cb8                SwitchOffOneServoFull
                0x00003e18                SetServoMotor
                0x00004090                SetPinPortC
                0x00003d9c                SwitchOffAllServo
                0x00003d44                SwitchOffOneServo
                0x00004268                SetPinPortD
                0x00003c6c                SwitchOnOneServoFull
                0x00004078                ClearPinPortC
                0x00003f00                SetPobProto
                0x00003f98                GetPortC
                0x00003f68                SendEcho
                0x00004340                GetPortAnalog
                0x00003d04                SwitchOnOneServo
                0x00004148                GetPortD
                0x00003d84                SwitchOnAllServo
 .text          0x00004560      0x8b8 C:/Program Files (x86)/POB-Technology/POBTOOLS4/sdk/pobeye2\libpob2.a(graph.o)
                0x00004560                InitGraphicBuffer
                0x00004998                DrawBitmap
                0x000045c0                PlotAPoint
                0x00004578                ClearGraphicBuffer
                0x000046c0                DrawLine
                0x0000487c                GetBitmapWidth
                0x0000490c                GetBitmapHeight
                0x00004630                DrawComponentInABufferVideo
 .text          0x00004e18      0x814 C:/Program Files (x86)/POB-Technology/POBTOOLS4/sdk/pobeye2\libpob2.a(lcd.o)
                0x00004e84                SetPageXYZ
                0x00004ebc                SetLCDIO
                0x00004e18                SetData
                0x00004e58                TicTac
                0x00004ee0                DrawLCD
                0x000055f0                InitLCD
                0x000052a8                DrawRightLCD
                0x00005450                DrawLeftLCD
 .text          0x0000562c      0x4a8 C:/Program Files (x86)/POB-Technology/POBTOOLS4/sdk/pobeye2\libpob2.a(pob_printf.o)
                0x00005a94                PrintTextOnPobTerminal
                0x00005a64                PrintToABuffer
                0x00005ab4                PrintToUart0
 .text          0x00005ad4      0x1ec C:/Program Files (x86)/POB-Technology/POBTOOLS4/sdk/pobeye2\libpob2.a(utils.o)
                0x00005c70                WaitMs
                0x00005ad4                SetLed
                0x00005bf4                Wait_4Us
                0x00005b04                Bin2Dec
                0x00005aec                ClearLed
                0x00005c58                Wait_100Us
                0x00005c88                SendString
                0x00005bc4                Bin2Hex
 .text          0x00005cc0      0x214 C:/Program Files (x86)/POB-Technology/POBTOOLS4/sdk/pobeye2\libpob2.a(io-bus.o)
                0x00005d6c                ClrOutput
                0x00005db8                ReadByte
                0x00005d0c                GetInput
                0x00005d3c                SetOutput
                0x00005e48                WriteByte
                0x00005cc0                SetIOWay
                0x00005d9c                ClrAndSetOuput
 .text          0x00005ed4      0x1d8 C:/Program Files (x86)/POB-Technology/POBTOOLS4/sdk/pobeye2\libpob2.a(timer.o)
                0x00005ed4                WaitUs
                0x00005f28                StartClock
                0x00006014                Timer0AttachFunction
                0x00005fdc                StopTimer0
                0x00005f90                Timer0IrqHandler
                0x00006024                Timer0DetachFunction
                0x00006038                InitTimer0
                0x00005f6c                GetClock
                0x00005fec                IsTimer0Overflow
                0x00005f7c                StopClock
 .text          0x000060ac      0x114 c:/program files (x86)/yagarto/bin/../lib/gcc/arm-elf/4.4.1/interwork\libgcc.a(_udivsi3.o)
                0x000060ac                __udivsi3
                0x000060ac                __aeabi_uidiv
                0x000061a8                __aeabi_uidivmod
 .text          0x000061c0      0x144 c:/program files (x86)/yagarto/bin/../lib/gcc/arm-elf/4.4.1/interwork\libgcc.a(_divsi3.o)
                0x000061c0                __aeabi_idiv
                0x000061c0                __divsi3
                0x000062ec                __aeabi_idivmod
 .text          0x00006304       0xd0 c:/program files (x86)/yagarto/bin/../lib/gcc/arm-elf/4.4.1/interwork\libgcc.a(_umodsi3.o)
                0x00006304                __umodsi3
 .text          0x000063d4        0x4 c:/program files (x86)/yagarto/bin/../lib/gcc/arm-elf/4.4.1/interwork\libgcc.a(_dvmd_tls.o)
                0x000063d4                __aeabi_ldiv0
                0x000063d4                __div0
                0x000063d4                __aeabi_idiv0
 .text          0x000063d8      0x430 c:/program files (x86)/yagarto/bin/../lib/gcc/arm-elf/4.4.1/interwork\libgcc.a(_arm_addsubdf3.o)
                0x0000679c                __floatdidf
                0x0000671c                __floatsidf
                0x000066f4                __aeabi_ui2d
                0x000063d8                __aeabi_drsub
                0x00006748                __extendsfdf2
                0x000063e4                __adddf3
                0x000066f4                __floatunsidf
                0x000063e4                __aeabi_dadd
                0x00006788                __aeabi_ul2d
                0x000063e0                __aeabi_dsub
                0x00006788                __floatundidf
                0x0000671c                __aeabi_i2d
                0x0000679c                __aeabi_l2d
                0x00006748                __aeabi_f2d
                0x000063e0                __subdf3
 .text          0x00006808      0x49c c:/program files (x86)/yagarto/bin/../lib/gcc/arm-elf/4.4.1/interwork\libgcc.a(_arm_muldivdf3.o)
                0x00006a98                __aeabi_ddiv
                0x00006808                __aeabi_dmul
                0x00006a98                __divdf3
                0x00006808                __muldf3
 .text          0x00006ca4       0xa0 c:/program files (x86)/yagarto/bin/../lib/gcc/arm-elf/4.4.1/interwork\libgcc.a(_arm_truncdfsf2.o)
                0x00006ca4                __aeabi_d2f
                0x00006ca4                __truncdfsf2
 .text          0x00006d44      0x2ac c:/program files (x86)/yagarto/bin/../lib/gcc/arm-elf/4.4.1/interwork\libgcc.a(_arm_addsubsf3.o)
                0x00006d50                __aeabi_fadd
                0x00006d4c                __subsf3
                0x00006f14                __aeabi_i2f
                0x00006d4c                __aeabi_fsub
                0x00006f44                __floatdisf
                0x00006f14                __floatsisf
                0x00006f34                __floatundisf
                0x00006f0c                __aeabi_ui2f
                0x00006f44                __aeabi_l2f
                0x00006f34                __aeabi_ul2f
                0x00006d44                __aeabi_frsub
                0x00006f0c                __floatunsisf
                0x00006d50                __addsf3
 .text          0x00006ff0      0x2f8 c:/program files (x86)/yagarto/bin/../lib/gcc/arm-elf/4.4.1/interwork\libgcc.a(_arm_muldivsf3.o)
                0x00007188                __divsf3
                0x00007188                __aeabi_fdiv
                0x00006ff0                __mulsf3
                0x00006ff0                __aeabi_fmul
 .text          0x000072e8       0x54 c:/program files (x86)/yagarto/bin/../lib/gcc/arm-elf/4.4.1/interwork\libgcc.a(_arm_fixunssfsi.o)
                0x000072e8                __aeabi_f2uiz
                0x000072e8                __fixunssfsi
 *(.rodata)
 .rodata        0x0000733c      0x470 ./detectImage.o
                0x0000733c                pattern
 .rodata        0x000077ac      0x808 ./actions.o
                0x000077ac                bitmap
 .rodata        0x00007fb4        0x8 C:/Program Files (x86)/POB-Technology/POBTOOLS4/sdk/pobeye2\libpob2.a(i2c.o)
 *(.rodata*)
 .rodata.str1.4
                0x00007fbc       0xfb ./actions.o
                                0x110 (size before relaxing)
 *fill*         0x000080b7        0x1 00
 .rodata.str1.4
                0x000080b8        0x8 C:/Program Files (x86)/POB-Technology/POBTOOLS4/sdk/pobeye2\libpob2.a(pob_printf.o)
 *(.glue_7)
 .glue_7        0x000080c0        0x0 ./P3_Functions_Integrated.o
 .glue_7        0x000080c0        0x0 ./detectImage.o
 .glue_7        0x000080c0        0x0 ./actions.o
 .glue_7        0x000080c0        0x0 C:/Program Files (x86)/POB-Technology/POBTOOLS4/sdk/pobeye2\boot.o
 .glue_7        0x000080c0        0x0 C:/Program Files (x86)/POB-Technology/POBTOOLS4/sdk/pobeye2\libpob2.a(init.o)
 .glue_7        0x000080c0        0x0 C:/Program Files (x86)/POB-Technology/POBTOOLS4/sdk/pobeye2\libpob2.a(uart0.o)
 .glue_7        0x000080c0        0x0 C:/Program Files (x86)/POB-Technology/POBTOOLS4/sdk/pobeye2\libpob2.a(i2c.o)
 .glue_7        0x000080c0        0x0 C:/Program Files (x86)/POB-Technology/POBTOOLS4/sdk/pobeye2\libpob2.a(cam_pobeye2.o)
 .glue_7        0x000080c0        0x0 C:/Program Files (x86)/POB-Technology/POBTOOLS4/sdk/pobeye2\libpob2.a(visio.o)
 .glue_7        0x000080c0        0x0 C:/Program Files (x86)/POB-Technology/POBTOOLS4/sdk/pobeye2\libpob2.a(interrupt.o)
 .glue_7        0x000080c0        0x0 C:/Program Files (x86)/POB-Technology/POBTOOLS4/sdk/pobeye2\libpob2.a(pob-proto.o)
 .glue_7        0x000080c0        0x0 C:/Program Files (x86)/POB-Technology/POBTOOLS4/sdk/pobeye2\libpob2.a(graph.o)
 .glue_7        0x000080c0        0x0 C:/Program Files (x86)/POB-Technology/POBTOOLS4/sdk/pobeye2\libpob2.a(lcd.o)
 .glue_7        0x000080c0        0x0 C:/Program Files (x86)/POB-Technology/POBTOOLS4/sdk/pobeye2\libpob2.a(pob_printf.o)
 .glue_7        0x000080c0        0x0 C:/Program Files (x86)/POB-Technology/POBTOOLS4/sdk/pobeye2\libpob2.a(utils.o)
 .glue_7        0x000080c0        0x0 C:/Program Files (x86)/POB-Technology/POBTOOLS4/sdk/pobeye2\libpob2.a(io-bus.o)
 .glue_7        0x000080c0        0x0 C:/Program Files (x86)/POB-Technology/POBTOOLS4/sdk/pobeye2\libpob2.a(timer.o)
 .glue_7        0x000080c0        0x0 c:/program files (x86)/yagarto/bin/../lib/gcc/arm-elf/4.4.1/interwork\libgcc.a(_udivsi3.o)
 .glue_7        0x000080c0        0x0 c:/program files (x86)/yagarto/bin/../lib/gcc/arm-elf/4.4.1/interwork\libgcc.a(_divsi3.o)
 .glue_7        0x000080c0        0x0 c:/program files (x86)/yagarto/bin/../lib/gcc/arm-elf/4.4.1/interwork\libgcc.a(_umodsi3.o)
 .glue_7        0x000080c0        0x0 c:/program files (x86)/yagarto/bin/../lib/gcc/arm-elf/4.4.1/interwork\libgcc.a(_dvmd_tls.o)
 .glue_7        0x000080c0        0x0 c:/program files (x86)/yagarto/bin/../lib/gcc/arm-elf/4.4.1/interwork\libgcc.a(_arm_addsubdf3.o)
 .glue_7        0x000080c0        0x0 c:/program files (x86)/yagarto/bin/../lib/gcc/arm-elf/4.4.1/interwork\libgcc.a(_arm_muldivdf3.o)
 .glue_7        0x000080c0        0x0 c:/program files (x86)/yagarto/bin/../lib/gcc/arm-elf/4.4.1/interwork\libgcc.a(_arm_truncdfsf2.o)
 .glue_7        0x000080c0        0x0 c:/program files (x86)/yagarto/bin/../lib/gcc/arm-elf/4.4.1/interwork\libgcc.a(_arm_addsubsf3.o)
 .glue_7        0x000080c0        0x0 c:/program files (x86)/yagarto/bin/../lib/gcc/arm-elf/4.4.1/interwork\libgcc.a(_arm_muldivsf3.o)
 .glue_7        0x000080c0        0x0 c:/program files (x86)/yagarto/bin/../lib/gcc/arm-elf/4.4.1/interwork\libgcc.a(_arm_fixunssfsi.o)
 *(.glue_7t)
 .glue_7t       0x000080c0        0x0 ./P3_Functions_Integrated.o
 .glue_7t       0x000080c0        0x0 ./detectImage.o
 .glue_7t       0x000080c0        0x0 ./actions.o
 .glue_7t       0x000080c0        0x0 C:/Program Files (x86)/POB-Technology/POBTOOLS4/sdk/pobeye2\boot.o
 .glue_7t       0x000080c0        0x0 C:/Program Files (x86)/POB-Technology/POBTOOLS4/sdk/pobeye2\libpob2.a(init.o)
 .glue_7t       0x000080c0        0x0 C:/Program Files (x86)/POB-Technology/POBTOOLS4/sdk/pobeye2\libpob2.a(uart0.o)
 .glue_7t       0x000080c0        0x0 C:/Program Files (x86)/POB-Technology/POBTOOLS4/sdk/pobeye2\libpob2.a(i2c.o)
 .glue_7t       0x000080c0        0x0 C:/Program Files (x86)/POB-Technology/POBTOOLS4/sdk/pobeye2\libpob2.a(cam_pobeye2.o)
 .glue_7t       0x000080c0        0x0 C:/Program Files (x86)/POB-Technology/POBTOOLS4/sdk/pobeye2\libpob2.a(visio.o)
 .glue_7t       0x000080c0        0x0 C:/Program Files (x86)/POB-Technology/POBTOOLS4/sdk/pobeye2\libpob2.a(interrupt.o)
 .glue_7t       0x000080c0        0x0 C:/Program Files (x86)/POB-Technology/POBTOOLS4/sdk/pobeye2\libpob2.a(pob-proto.o)
 .glue_7t       0x000080c0        0x0 C:/Program Files (x86)/POB-Technology/POBTOOLS4/sdk/pobeye2\libpob2.a(graph.o)
 .glue_7t       0x000080c0        0x0 C:/Program Files (x86)/POB-Technology/POBTOOLS4/sdk/pobeye2\libpob2.a(lcd.o)
 .glue_7t       0x000080c0        0x0 C:/Program Files (x86)/POB-Technology/POBTOOLS4/sdk/pobeye2\libpob2.a(pob_printf.o)
 .glue_7t       0x000080c0        0x0 C:/Program Files (x86)/POB-Technology/POBTOOLS4/sdk/pobeye2\libpob2.a(utils.o)
 .glue_7t       0x000080c0        0x0 C:/Program Files (x86)/POB-Technology/POBTOOLS4/sdk/pobeye2\libpob2.a(io-bus.o)
 .glue_7t       0x000080c0        0x0 C:/Program Files (x86)/POB-Technology/POBTOOLS4/sdk/pobeye2\libpob2.a(timer.o)
 .glue_7t       0x000080c0        0x0 c:/program files (x86)/yagarto/bin/../lib/gcc/arm-elf/4.4.1/interwork\libgcc.a(_udivsi3.o)
 .glue_7t       0x000080c0        0x0 c:/program files (x86)/yagarto/bin/../lib/gcc/arm-elf/4.4.1/interwork\libgcc.a(_divsi3.o)
 .glue_7t       0x000080c0        0x0 c:/program files (x86)/yagarto/bin/../lib/gcc/arm-elf/4.4.1/interwork\libgcc.a(_umodsi3.o)
 .glue_7t       0x000080c0        0x0 c:/program files (x86)/yagarto/bin/../lib/gcc/arm-elf/4.4.1/interwork\libgcc.a(_dvmd_tls.o)
 .glue_7t       0x000080c0        0x0 c:/program files (x86)/yagarto/bin/../lib/gcc/arm-elf/4.4.1/interwork\libgcc.a(_arm_addsubdf3.o)
 .glue_7t       0x000080c0        0x0 c:/program files (x86)/yagarto/bin/../lib/gcc/arm-elf/4.4.1/interwork\libgcc.a(_arm_muldivdf3.o)
 .glue_7t       0x000080c0        0x0 c:/program files (x86)/yagarto/bin/../lib/gcc/arm-elf/4.4.1/interwork\libgcc.a(_arm_truncdfsf2.o)
 .glue_7t       0x000080c0        0x0 c:/program files (x86)/yagarto/bin/../lib/gcc/arm-elf/4.4.1/interwork\libgcc.a(_arm_addsubsf3.o)
 .glue_7t       0x000080c0        0x0 c:/program files (x86)/yagarto/bin/../lib/gcc/arm-elf/4.4.1/interwork\libgcc.a(_arm_muldivsf3.o)
 .glue_7t       0x000080c0        0x0 c:/program files (x86)/yagarto/bin/../lib/gcc/arm-elf/4.4.1/interwork\libgcc.a(_arm_fixunssfsi.o)

.vfp11_veneer   0x00000000        0x0
 .vfp11_veneer  0x00000000        0x0 ./P3_Functions_Integrated.o
 .vfp11_veneer  0x00000000        0x0 ./detectImage.o
 .vfp11_veneer  0x00000000        0x0 ./actions.o
 .vfp11_veneer  0x00000000        0x0 C:/Program Files (x86)/POB-Technology/POBTOOLS4/sdk/pobeye2\boot.o
 .vfp11_veneer  0x00000000        0x0 C:/Program Files (x86)/POB-Technology/POBTOOLS4/sdk/pobeye2\libpob2.a(init.o)
 .vfp11_veneer  0x00000000        0x0 C:/Program Files (x86)/POB-Technology/POBTOOLS4/sdk/pobeye2\libpob2.a(uart0.o)
 .vfp11_veneer  0x00000000        0x0 C:/Program Files (x86)/POB-Technology/POBTOOLS4/sdk/pobeye2\libpob2.a(i2c.o)
 .vfp11_veneer  0x00000000        0x0 C:/Program Files (x86)/POB-Technology/POBTOOLS4/sdk/pobeye2\libpob2.a(cam_pobeye2.o)
 .vfp11_veneer  0x00000000        0x0 C:/Program Files (x86)/POB-Technology/POBTOOLS4/sdk/pobeye2\libpob2.a(visio.o)
 .vfp11_veneer  0x00000000        0x0 C:/Program Files (x86)/POB-Technology/POBTOOLS4/sdk/pobeye2\libpob2.a(interrupt.o)
 .vfp11_veneer  0x00000000        0x0 C:/Program Files (x86)/POB-Technology/POBTOOLS4/sdk/pobeye2\libpob2.a(pob-proto.o)
 .vfp11_veneer  0x00000000        0x0 C:/Program Files (x86)/POB-Technology/POBTOOLS4/sdk/pobeye2\libpob2.a(graph.o)
 .vfp11_veneer  0x00000000        0x0 C:/Program Files (x86)/POB-Technology/POBTOOLS4/sdk/pobeye2\libpob2.a(lcd.o)
 .vfp11_veneer  0x00000000        0x0 C:/Program Files (x86)/POB-Technology/POBTOOLS4/sdk/pobeye2\libpob2.a(pob_printf.o)
 .vfp11_veneer  0x00000000        0x0 C:/Program Files (x86)/POB-Technology/POBTOOLS4/sdk/pobeye2\libpob2.a(utils.o)
 .vfp11_veneer  0x00000000        0x0 C:/Program Files (x86)/POB-Technology/POBTOOLS4/sdk/pobeye2\libpob2.a(io-bus.o)
 .vfp11_veneer  0x00000000        0x0 C:/Program Files (x86)/POB-Technology/POBTOOLS4/sdk/pobeye2\libpob2.a(timer.o)
 .vfp11_veneer  0x00000000        0x0 c:/program files (x86)/yagarto/bin/../lib/gcc/arm-elf/4.4.1/interwork\libgcc.a(_udivsi3.o)
 .vfp11_veneer  0x00000000        0x0 c:/program files (x86)/yagarto/bin/../lib/gcc/arm-elf/4.4.1/interwork\libgcc.a(_divsi3.o)
 .vfp11_veneer  0x00000000        0x0 c:/program files (x86)/yagarto/bin/../lib/gcc/arm-elf/4.4.1/interwork\libgcc.a(_umodsi3.o)
 .vfp11_veneer  0x00000000        0x0 c:/program files (x86)/yagarto/bin/../lib/gcc/arm-elf/4.4.1/interwork\libgcc.a(_dvmd_tls.o)
 .vfp11_veneer  0x00000000        0x0 c:/program files (x86)/yagarto/bin/../lib/gcc/arm-elf/4.4.1/interwork\libgcc.a(_arm_addsubdf3.o)
 .vfp11_veneer  0x00000000        0x0 c:/program files (x86)/yagarto/bin/../lib/gcc/arm-elf/4.4.1/interwork\libgcc.a(_arm_muldivdf3.o)
 .vfp11_veneer  0x00000000        0x0 c:/program files (x86)/yagarto/bin/../lib/gcc/arm-elf/4.4.1/interwork\libgcc.a(_arm_truncdfsf2.o)
 .vfp11_veneer  0x00000000        0x0 c:/program files (x86)/yagarto/bin/../lib/gcc/arm-elf/4.4.1/interwork\libgcc.a(_arm_addsubsf3.o)
 .vfp11_veneer  0x00000000        0x0 c:/program files (x86)/yagarto/bin/../lib/gcc/arm-elf/4.4.1/interwork\libgcc.a(_arm_muldivsf3.o)
 .vfp11_veneer  0x00000000        0x0 c:/program files (x86)/yagarto/bin/../lib/gcc/arm-elf/4.4.1/interwork\libgcc.a(_arm_fixunssfsi.o)

.v4_bx          0x00000000        0x0
 .v4_bx         0x00000000        0x0 ./P3_Functions_Integrated.o
 .v4_bx         0x00000000        0x0 ./detectImage.o
 .v4_bx         0x00000000        0x0 ./actions.o
 .v4_bx         0x00000000        0x0 C:/Program Files (x86)/POB-Technology/POBTOOLS4/sdk/pobeye2\boot.o
 .v4_bx         0x00000000        0x0 C:/Program Files (x86)/POB-Technology/POBTOOLS4/sdk/pobeye2\libpob2.a(init.o)
 .v4_bx         0x00000000        0x0 C:/Program Files (x86)/POB-Technology/POBTOOLS4/sdk/pobeye2\libpob2.a(uart0.o)
 .v4_bx         0x00000000        0x0 C:/Program Files (x86)/POB-Technology/POBTOOLS4/sdk/pobeye2\libpob2.a(i2c.o)
 .v4_bx         0x00000000        0x0 C:/Program Files (x86)/POB-Technology/POBTOOLS4/sdk/pobeye2\libpob2.a(cam_pobeye2.o)
 .v4_bx         0x00000000        0x0 C:/Program Files (x86)/POB-Technology/POBTOOLS4/sdk/pobeye2\libpob2.a(visio.o)
 .v4_bx         0x00000000        0x0 C:/Program Files (x86)/POB-Technology/POBTOOLS4/sdk/pobeye2\libpob2.a(interrupt.o)
 .v4_bx         0x00000000        0x0 C:/Program Files (x86)/POB-Technology/POBTOOLS4/sdk/pobeye2\libpob2.a(pob-proto.o)
 .v4_bx         0x00000000        0x0 C:/Program Files (x86)/POB-Technology/POBTOOLS4/sdk/pobeye2\libpob2.a(graph.o)
 .v4_bx         0x00000000        0x0 C:/Program Files (x86)/POB-Technology/POBTOOLS4/sdk/pobeye2\libpob2.a(lcd.o)
 .v4_bx         0x00000000        0x0 C:/Program Files (x86)/POB-Technology/POBTOOLS4/sdk/pobeye2\libpob2.a(pob_printf.o)
 .v4_bx         0x00000000        0x0 C:/Program Files (x86)/POB-Technology/POBTOOLS4/sdk/pobeye2\libpob2.a(utils.o)
 .v4_bx         0x00000000        0x0 C:/Program Files (x86)/POB-Technology/POBTOOLS4/sdk/pobeye2\libpob2.a(io-bus.o)
 .v4_bx         0x00000000        0x0 C:/Program Files (x86)/POB-Technology/POBTOOLS4/sdk/pobeye2\libpob2.a(timer.o)
 .v4_bx         0x00000000        0x0 c:/program files (x86)/yagarto/bin/../lib/gcc/arm-elf/4.4.1/interwork\libgcc.a(_udivsi3.o)
 .v4_bx         0x00000000        0x0 c:/program files (x86)/yagarto/bin/../lib/gcc/arm-elf/4.4.1/interwork\libgcc.a(_divsi3.o)
 .v4_bx         0x00000000        0x0 c:/program files (x86)/yagarto/bin/../lib/gcc/arm-elf/4.4.1/interwork\libgcc.a(_umodsi3.o)
 .v4_bx         0x00000000        0x0 c:/program files (x86)/yagarto/bin/../lib/gcc/arm-elf/4.4.1/interwork\libgcc.a(_dvmd_tls.o)
 .v4_bx         0x00000000        0x0 c:/program files (x86)/yagarto/bin/../lib/gcc/arm-elf/4.4.1/interwork\libgcc.a(_arm_addsubdf3.o)
 .v4_bx         0x00000000        0x0 c:/program files (x86)/yagarto/bin/../lib/gcc/arm-elf/4.4.1/interwork\libgcc.a(_arm_muldivdf3.o)
 .v4_bx         0x00000000        0x0 c:/program files (x86)/yagarto/bin/../lib/gcc/arm-elf/4.4.1/interwork\libgcc.a(_arm_truncdfsf2.o)
 .v4_bx         0x00000000        0x0 c:/program files (x86)/yagarto/bin/../lib/gcc/arm-elf/4.4.1/interwork\libgcc.a(_arm_addsubsf3.o)
 .v4_bx         0x00000000        0x0 c:/program files (x86)/yagarto/bin/../lib/gcc/arm-elf/4.4.1/interwork\libgcc.a(_arm_muldivsf3.o)
 .v4_bx         0x00000000        0x0 c:/program files (x86)/yagarto/bin/../lib/gcc/arm-elf/4.4.1/interwork\libgcc.a(_arm_fixunssfsi.o)

.eh_frame
 *(.eh_frame)
                0x00000000                __end_of_text__ = .

.data           0x40000000        0x0 load address 0x000080c0
                0x40000000                __data_beg__ = .
                0x000080c0                __data_beg_src__ = __end_of_text__
 *(.data)
 .data          0x40000000        0x0 ./P3_Functions_Integrated.o
 .data          0x40000000        0x0 ./detectImage.o
 .data          0x40000000        0x0 ./actions.o
 .data          0x40000000        0x0 C:/Program Files (x86)/POB-Technology/POBTOOLS4/sdk/pobeye2\boot.o
 .data          0x40000000        0x0 C:/Program Files (x86)/POB-Technology/POBTOOLS4/sdk/pobeye2\libpob2.a(init.o)
 .data          0x40000000        0x0 C:/Program Files (x86)/POB-Technology/POBTOOLS4/sdk/pobeye2\libpob2.a(uart0.o)
 .data          0x40000000        0x0 C:/Program Files (x86)/POB-Technology/POBTOOLS4/sdk/pobeye2\libpob2.a(i2c.o)
 .data          0x40000000        0x0 C:/Program Files (x86)/POB-Technology/POBTOOLS4/sdk/pobeye2\libpob2.a(cam_pobeye2.o)
 .data          0x40000000        0x0 C:/Program Files (x86)/POB-Technology/POBTOOLS4/sdk/pobeye2\libpob2.a(visio.o)
 .data          0x40000000        0x0 C:/Program Files (x86)/POB-Technology/POBTOOLS4/sdk/pobeye2\libpob2.a(interrupt.o)
 .data          0x40000000        0x0 C:/Program Files (x86)/POB-Technology/POBTOOLS4/sdk/pobeye2\libpob2.a(pob-proto.o)
 .data          0x40000000        0x0 C:/Program Files (x86)/POB-Technology/POBTOOLS4/sdk/pobeye2\libpob2.a(graph.o)
 .data          0x40000000        0x0 C:/Program Files (x86)/POB-Technology/POBTOOLS4/sdk/pobeye2\libpob2.a(lcd.o)
 .data          0x40000000        0x0 C:/Program Files (x86)/POB-Technology/POBTOOLS4/sdk/pobeye2\libpob2.a(pob_printf.o)
 .data          0x40000000        0x0 C:/Program Files (x86)/POB-Technology/POBTOOLS4/sdk/pobeye2\libpob2.a(utils.o)
 .data          0x40000000        0x0 C:/Program Files (x86)/POB-Technology/POBTOOLS4/sdk/pobeye2\libpob2.a(io-bus.o)
 .data          0x40000000        0x0 C:/Program Files (x86)/POB-Technology/POBTOOLS4/sdk/pobeye2\libpob2.a(timer.o)
 .data          0x40000000        0x0 c:/program files (x86)/yagarto/bin/../lib/gcc/arm-elf/4.4.1/interwork\libgcc.a(_udivsi3.o)
 .data          0x40000000        0x0 c:/program files (x86)/yagarto/bin/../lib/gcc/arm-elf/4.4.1/interwork\libgcc.a(_divsi3.o)
 .data          0x40000000        0x0 c:/program files (x86)/yagarto/bin/../lib/gcc/arm-elf/4.4.1/interwork\libgcc.a(_umodsi3.o)
 .data          0x40000000        0x0 c:/program files (x86)/yagarto/bin/../lib/gcc/arm-elf/4.4.1/interwork\libgcc.a(_dvmd_tls.o)
 .data          0x40000000        0x0 c:/program files (x86)/yagarto/bin/../lib/gcc/arm-elf/4.4.1/interwork\libgcc.a(_arm_addsubdf3.o)
 .data          0x40000000        0x0 c:/program files (x86)/yagarto/bin/../lib/gcc/arm-elf/4.4.1/interwork\libgcc.a(_arm_muldivdf3.o)
 .data          0x40000000        0x0 c:/program files (x86)/yagarto/bin/../lib/gcc/arm-elf/4.4.1/interwork\libgcc.a(_arm_truncdfsf2.o)
 .data          0x40000000        0x0 c:/program files (x86)/yagarto/bin/../lib/gcc/arm-elf/4.4.1/interwork\libgcc.a(_arm_addsubsf3.o)
 .data          0x40000000        0x0 c:/program files (x86)/yagarto/bin/../lib/gcc/arm-elf/4.4.1/interwork\libgcc.a(_arm_muldivsf3.o)
 .data          0x40000000        0x0 c:/program files (x86)/yagarto/bin/../lib/gcc/arm-elf/4.4.1/interwork\libgcc.a(_arm_fixunssfsi.o)
                0x40000000                __data_end__ = .

.bss            0x40000000     0x57bc
                0x40000000                __bss_beg__ = .
 *(.bss)
 .bss           0x40000000        0x0 ./P3_Functions_Integrated.o
 .bss           0x40000000        0x0 ./detectImage.o
 .bss           0x40000000      0x808 ./actions.o
 .bss           0x40000808        0x0 C:/Program Files (x86)/POB-Technology/POBTOOLS4/sdk/pobeye2\boot.o
 .bss           0x40000808        0x0 C:/Program Files (x86)/POB-Technology/POBTOOLS4/sdk/pobeye2\libpob2.a(init.o)
 .bss           0x40000808        0x0 C:/Program Files (x86)/POB-Technology/POBTOOLS4/sdk/pobeye2\libpob2.a(uart0.o)
 .bss           0x40000808        0x0 C:/Program Files (x86)/POB-Technology/POBTOOLS4/sdk/pobeye2\libpob2.a(i2c.o)
 .bss           0x40000808     0x4b00 C:/Program Files (x86)/POB-Technology/POBTOOLS4/sdk/pobeye2\libpob2.a(cam_pobeye2.o)
 .bss           0x40005308        0x0 C:/Program Files (x86)/POB-Technology/POBTOOLS4/sdk/pobeye2\libpob2.a(visio.o)
 .bss           0x40005308        0x0 C:/Program Files (x86)/POB-Technology/POBTOOLS4/sdk/pobeye2\libpob2.a(interrupt.o)
 .bss           0x40005308        0x0 C:/Program Files (x86)/POB-Technology/POBTOOLS4/sdk/pobeye2\libpob2.a(pob-proto.o)
 .bss           0x40005308        0x0 C:/Program Files (x86)/POB-Technology/POBTOOLS4/sdk/pobeye2\libpob2.a(graph.o)
 .bss           0x40005308        0x0 C:/Program Files (x86)/POB-Technology/POBTOOLS4/sdk/pobeye2\libpob2.a(lcd.o)
 .bss           0x40005308        0x0 C:/Program Files (x86)/POB-Technology/POBTOOLS4/sdk/pobeye2\libpob2.a(pob_printf.o)
 .bss           0x40005308        0x0 C:/Program Files (x86)/POB-Technology/POBTOOLS4/sdk/pobeye2\libpob2.a(utils.o)
 .bss           0x40005308        0x0 C:/Program Files (x86)/POB-Technology/POBTOOLS4/sdk/pobeye2\libpob2.a(io-bus.o)
 .bss           0x40005308        0x0 C:/Program Files (x86)/POB-Technology/POBTOOLS4/sdk/pobeye2\libpob2.a(timer.o)
 .bss           0x40005308        0x0 c:/program files (x86)/yagarto/bin/../lib/gcc/arm-elf/4.4.1/interwork\libgcc.a(_udivsi3.o)
 .bss           0x40005308        0x0 c:/program files (x86)/yagarto/bin/../lib/gcc/arm-elf/4.4.1/interwork\libgcc.a(_divsi3.o)
 .bss           0x40005308        0x0 c:/program files (x86)/yagarto/bin/../lib/gcc/arm-elf/4.4.1/interwork\libgcc.a(_umodsi3.o)
 .bss           0x40005308        0x0 c:/program files (x86)/yagarto/bin/../lib/gcc/arm-elf/4.4.1/interwork\libgcc.a(_dvmd_tls.o)
 .bss           0x40005308        0x0 c:/program files (x86)/yagarto/bin/../lib/gcc/arm-elf/4.4.1/interwork\libgcc.a(_arm_addsubdf3.o)
 .bss           0x40005308        0x0 c:/program files (x86)/yagarto/bin/../lib/gcc/arm-elf/4.4.1/interwork\libgcc.a(_arm_muldivdf3.o)
 .bss           0x40005308        0x0 c:/program files (x86)/yagarto/bin/../lib/gcc/arm-elf/4.4.1/interwork\libgcc.a(_arm_truncdfsf2.o)
 .bss           0x40005308        0x0 c:/program files (x86)/yagarto/bin/../lib/gcc/arm-elf/4.4.1/interwork\libgcc.a(_arm_addsubsf3.o)
 .bss           0x40005308        0x0 c:/program files (x86)/yagarto/bin/../lib/gcc/arm-elf/4.4.1/interwork\libgcc.a(_arm_muldivsf3.o)
 .bss           0x40005308        0x0 c:/program files (x86)/yagarto/bin/../lib/gcc/arm-elf/4.4.1/interwork\libgcc.a(_arm_fixunssfsi.o)
 COMMON         0x40005308      0x464 ./P3_Functions_Integrated.o
                0x40005308                FrameFromCam
                0x4000530c                PrevDir
                0x40005310                Nb_Identify
                0x40005311                i
                0x40005314                LCD_Buffer
                0x40005714                ListOfForm
                0x40005764                ScreenBuffer
 COMMON         0x4000576c       0x48 C:/Program Files (x86)/POB-Technology/POBTOOLS4/sdk/pobeye2\libpob2.a(uart0.o)
                0x4000576c                uart0UserRead
                0x40005770                uart0IntrBuffer
                0x400057b0                uart0IntrWrite
 COMMON         0x400057b4        0x8 C:/Program Files (x86)/POB-Technology/POBTOOLS4/sdk/pobeye2\libpob2.a(timer.o)
                0x400057b4                Timer0Flag
                0x400057b8                Timer0UserProcess

.stack          0x40005800     0x2000
                0x40007800                . = (. + 0x2000)
 *fill*         0x40005800     0x2000 00
                0x40007800                __stack_end__ = .
                0x40007800                . = ALIGN (0x4)
                0x40007800                . = ALIGN (0x4)
                0x40007800                _end = .
                0x40007800                _bss_end__ = .
                0x40007800                __bss_end__ = .
                0x40007800                __end__ = .
                0x40007800                PROVIDE (end, .)
OUTPUT(./Assignment3.elf elf32-littlearm)

.comment        0x00000000      0x120
 .comment       0x00000000       0x12 ./P3_Functions_Integrated.o
 .comment       0x00000012       0x12 ./detectImage.o
 .comment       0x00000024       0x12 ./actions.o
 .comment       0x00000036       0x12 C:/Program Files (x86)/POB-Technology/POBTOOLS4/sdk/pobeye2\libpob2.a(init.o)
 .comment       0x00000048       0x12 C:/Program Files (x86)/POB-Technology/POBTOOLS4/sdk/pobeye2\libpob2.a(uart0.o)
 .comment       0x0000005a       0x12 C:/Program Files (x86)/POB-Technology/POBTOOLS4/sdk/pobeye2\libpob2.a(i2c.o)
 .comment       0x0000006c       0x12 C:/Program Files (x86)/POB-Technology/POBTOOLS4/sdk/pobeye2\libpob2.a(cam_pobeye2.o)
 .comment       0x0000007e       0x12 C:/Program Files (x86)/POB-Technology/POBTOOLS4/sdk/pobeye2\libpob2.a(visio.o)
 .comment       0x00000090       0x12 C:/Program Files (x86)/POB-Technology/POBTOOLS4/sdk/pobeye2\libpob2.a(interrupt.o)
 .comment       0x000000a2       0x12 C:/Program Files (x86)/POB-Technology/POBTOOLS4/sdk/pobeye2\libpob2.a(pob-proto.o)
 .comment       0x000000b4       0x12 C:/Program Files (x86)/POB-Technology/POBTOOLS4/sdk/pobeye2\libpob2.a(graph.o)
 .comment       0x000000c6       0x12 C:/Program Files (x86)/POB-Technology/POBTOOLS4/sdk/pobeye2\libpob2.a(lcd.o)
 .comment       0x000000d8       0x12 C:/Program Files (x86)/POB-Technology/POBTOOLS4/sdk/pobeye2\libpob2.a(pob_printf.o)
 .comment       0x000000ea       0x12 C:/Program Files (x86)/POB-Technology/POBTOOLS4/sdk/pobeye2\libpob2.a(utils.o)
 .comment       0x000000fc       0x12 C:/Program Files (x86)/POB-Technology/POBTOOLS4/sdk/pobeye2\libpob2.a(io-bus.o)
 .comment       0x0000010e       0x12 C:/Program Files (x86)/POB-Technology/POBTOOLS4/sdk/pobeye2\libpob2.a(timer.o)

.ARM.attributes
                0x00000000       0x10
 .ARM.attributes
                0x00000000       0x10 ./P3_Functions_Integrated.o
 .ARM.attributes
                0x00000010       0x10 ./detectImage.o
 .ARM.attributes
                0x00000020       0x10 ./actions.o
 .ARM.attributes
                0x00000030       0x10 C:/Program Files (x86)/POB-Technology/POBTOOLS4/sdk/pobeye2\boot.o
 .ARM.attributes
                0x00000040       0x10 C:/Program Files (x86)/POB-Technology/POBTOOLS4/sdk/pobeye2\libpob2.a(init.o)
 .ARM.attributes
                0x00000050       0x10 C:/Program Files (x86)/POB-Technology/POBTOOLS4/sdk/pobeye2\libpob2.a(uart0.o)
 .ARM.attributes
                0x00000060       0x10 C:/Program Files (x86)/POB-Technology/POBTOOLS4/sdk/pobeye2\libpob2.a(i2c.o)
 .ARM.attributes
                0x00000070       0x10 C:/Program Files (x86)/POB-Technology/POBTOOLS4/sdk/pobeye2\libpob2.a(cam_pobeye2.o)
 .ARM.attributes
                0x00000080       0x10 C:/Program Files (x86)/POB-Technology/POBTOOLS4/sdk/pobeye2\libpob2.a(visio.o)
 .ARM.attributes
                0x00000090       0x10 C:/Program Files (x86)/POB-Technology/POBTOOLS4/sdk/pobeye2\libpob2.a(interrupt.o)
 .ARM.attributes
                0x000000a0       0x10 C:/Program Files (x86)/POB-Technology/POBTOOLS4/sdk/pobeye2\libpob2.a(pob-proto.o)
 .ARM.attributes
                0x000000b0       0x10 C:/Program Files (x86)/POB-Technology/POBTOOLS4/sdk/pobeye2\libpob2.a(graph.o)
 .ARM.attributes
                0x000000c0       0x10 C:/Program Files (x86)/POB-Technology/POBTOOLS4/sdk/pobeye2\libpob2.a(lcd.o)
 .ARM.attributes
                0x000000d0       0x10 C:/Program Files (x86)/POB-Technology/POBTOOLS4/sdk/pobeye2\libpob2.a(pob_printf.o)
 .ARM.attributes
                0x000000e0       0x10 C:/Program Files (x86)/POB-Technology/POBTOOLS4/sdk/pobeye2\libpob2.a(utils.o)
 .ARM.attributes
                0x000000f0       0x10 C:/Program Files (x86)/POB-Technology/POBTOOLS4/sdk/pobeye2\libpob2.a(io-bus.o)
 .ARM.attributes
                0x00000100       0x10 C:/Program Files (x86)/POB-Technology/POBTOOLS4/sdk/pobeye2\libpob2.a(timer.o)
 .ARM.attributes
                0x00000110       0x10 c:/program files (x86)/yagarto/bin/../lib/gcc/arm-elf/4.4.1/interwork\libgcc.a(_udivsi3.o)
 .ARM.attributes
                0x00000120       0x10 c:/program files (x86)/yagarto/bin/../lib/gcc/arm-elf/4.4.1/interwork\libgcc.a(_divsi3.o)
 .ARM.attributes
                0x00000130       0x10 c:/program files (x86)/yagarto/bin/../lib/gcc/arm-elf/4.4.1/interwork\libgcc.a(_umodsi3.o)
 .ARM.attributes
                0x00000140       0x10 c:/program files (x86)/yagarto/bin/../lib/gcc/arm-elf/4.4.1/interwork\libgcc.a(_dvmd_tls.o)
 .ARM.attributes
                0x00000150       0x10 c:/program files (x86)/yagarto/bin/../lib/gcc/arm-elf/4.4.1/interwork\libgcc.a(_arm_addsubdf3.o)
 .ARM.attributes
                0x00000160       0x10 c:/program files (x86)/yagarto/bin/../lib/gcc/arm-elf/4.4.1/interwork\libgcc.a(_arm_muldivdf3.o)
 .ARM.attributes
                0x00000170       0x10 c:/program files (x86)/yagarto/bin/../lib/gcc/arm-elf/4.4.1/interwork\libgcc.a(_arm_truncdfsf2.o)
 .ARM.attributes
                0x00000180       0x10 c:/program files (x86)/yagarto/bin/../lib/gcc/arm-elf/4.4.1/interwork\libgcc.a(_arm_addsubsf3.o)
 .ARM.attributes
                0x00000190       0x10 c:/program files (x86)/yagarto/bin/../lib/gcc/arm-elf/4.4.1/interwork\libgcc.a(_arm_muldivsf3.o)
 .ARM.attributes
                0x000001a0       0x10 c:/program files (x86)/yagarto/bin/../lib/gcc/arm-elf/4.4.1/interwork\libgcc.a(_arm_fixunssfsi.o)

.debug_frame

.debug_line

.debug_info

.debug_abbrev

.debug_aranges
