Archive member included because of file (symbol)

C:/Program Files (x86)/POB-Technology/POBTOOLS4/sdk/pobeye2\libpob2.a(init.o)
                              ./P3_Functions_Integrated.o (InitPobeye2)
C:/Program Files (x86)/POB-Technology/POBTOOLS4/sdk/pobeye2\libpob2.a(uart0.o)
                              ./P3_Functions_Integrated.o (InitUART0)
C:/Program Files (x86)/POB-Technology/POBTOOLS4/sdk/pobeye2\libpob2.a(i2c.o)
                              ./detectImage.o (InitI2C)
C:/Program Files (x86)/POB-Technology/POBTOOLS4/sdk/pobeye2\libpob2.a(cam_pobeye2.o)
                              ./detectImage.o (GetRGBFrame)
C:/Program Files (x86)/POB-Technology/POBTOOLS4/sdk/pobeye2\libpob2.a(visio.o)
                              ./detectImage.o (BinaryRGBFrame)
C:/Program Files (x86)/POB-Technology/POBTOOLS4/sdk/pobeye2\libpob2.a(interrupt.o)
                              C:/Program Files (x86)/POB-Technology/POBTOOLS4/sdk/pobeye2\libpob2.a(uart0.o) (enableIRQ)
C:/Program Files (x86)/POB-Technology/POBTOOLS4/sdk/pobeye2\libpob2.a(pob-proto.o)
                              ./actions.o (SwitchOnAllServo)
C:/Program Files (x86)/POB-Technology/POBTOOLS4/sdk/pobeye2\libpob2.a(graph.o)
                              ./detectImage.o (InitGraphicBuffer)
C:/Program Files (x86)/POB-Technology/POBTOOLS4/sdk/pobeye2\libpob2.a(lcd.o)
                              ./actions.o (DrawLCD)
C:/Program Files (x86)/POB-Technology/POBTOOLS4/sdk/pobeye2\libpob2.a(pob_printf.o)
                              ./actions.o (PrintToABuffer)
C:/Program Files (x86)/POB-Technology/POBTOOLS4/sdk/pobeye2\libpob2.a(utils.o)
                              C:/Program Files (x86)/POB-Technology/POBTOOLS4/sdk/pobeye2\libpob2.a(cam_pobeye2.o) (WaitMs)
C:/Program Files (x86)/POB-Technology/POBTOOLS4/sdk/pobeye2\libpob2.a(io-bus.o)
                              C:/Program Files (x86)/POB-Technology/POBTOOLS4/sdk/pobeye2\libpob2.a(lcd.o) (SetIOWay)
C:/Program Files (x86)/POB-Technology/POBTOOLS4/sdk/pobeye2\libpob2.a(timer.o)
                              C:/Program Files (x86)/POB-Technology/POBTOOLS4/sdk/pobeye2\libpob2.a(io-bus.o) (WaitUs)
c:/program files (x86)/yagarto/bin/../lib/gcc/arm-elf/4.4.1/interwork\libgcc.a(_udivsi3.o)
                              C:/Program Files (x86)/POB-Technology/POBTOOLS4/sdk/pobeye2\libpob2.a(pob_printf.o) (__udivsi3)
c:/program files (x86)/yagarto/bin/../lib/gcc/arm-elf/4.4.1/interwork\libgcc.a(_divsi3.o)
                              C:/Program Files (x86)/POB-Technology/POBTOOLS4/sdk/pobeye2\libpob2.a(visio.o) (__divsi3)
c:/program files (x86)/yagarto/bin/../lib/gcc/arm-elf/4.4.1/interwork\libgcc.a(_umodsi3.o)
                              C:/Program Files (x86)/POB-Technology/POBTOOLS4/sdk/pobeye2\libpob2.a(pob_printf.o) (__umodsi3)
c:/program files (x86)/yagarto/bin/../lib/gcc/arm-elf/4.4.1/interwork\libgcc.a(_dvmd_tls.o)
                              c:/program files (x86)/yagarto/bin/../lib/gcc/arm-elf/4.4.1/interwork\libgcc.a(_udivsi3.o) (__div0)
c:/program files (x86)/yagarto/bin/../lib/gcc/arm-elf/4.4.1/interwork\libgcc.a(_arm_addsubdf3.o)
                              C:/Program Files (x86)/POB-Technology/POBTOOLS4/sdk/pobeye2\libpob2.a(visio.o) (__floatsidf)
c:/program files (x86)/yagarto/bin/../lib/gcc/arm-elf/4.4.1/interwork\libgcc.a(_arm_muldivdf3.o)
                              C:/Program Files (x86)/POB-Technology/POBTOOLS4/sdk/pobeye2\libpob2.a(visio.o) (__muldf3)
c:/program files (x86)/yagarto/bin/../lib/gcc/arm-elf/4.4.1/interwork\libgcc.a(_arm_truncdfsf2.o)
                              C:/Program Files (x86)/POB-Technology/POBTOOLS4/sdk/pobeye2\libpob2.a(visio.o) (__truncdfsf2)
c:/program files (x86)/yagarto/bin/../lib/gcc/arm-elf/4.4.1/interwork\libgcc.a(_arm_addsubsf3.o)
                              C:/Program Files (x86)/POB-Technology/POBTOOLS4/sdk/pobeye2\libpob2.a(visio.o) (__addsf3)
c:/program files (x86)/yagarto/bin/../lib/gcc/arm-elf/4.4.1/interwork\libgcc.a(_arm_muldivsf3.o)
                              C:/Program Files (x86)/POB-Technology/POBTOOLS4/sdk/pobeye2\libpob2.a(visio.o) (__divsf3)
c:/program files (x86)/yagarto/bin/../lib/gcc/arm-elf/4.4.1/interwork\libgcc.a(_arm_fixunssfsi.o)
                              C:/Program Files (x86)/POB-Technology/POBTOOLS4/sdk/pobeye2\libpob2.a(visio.o) (__fixunssfsi)

Allocating common symbols
Common symbol       size              file

uart0UserRead       0x4               C:/Program Files (x86)/POB-Technology/POBTOOLS4/sdk/pobeye2\libpob2.a(uart0.o)
FrameFromCam        0x4               ./P3_Functions_Integrated.o
PrevDir             0x4               ./P3_Functions_Integrated.o
Nb_Identify         0x1               ./P3_Functions_Integrated.o
i                   0x1               ./P3_Functions_Integrated.o
LCD_Buffer          0x400             ./P3_Functions_Integrated.o
Timer0Flag          0x1               C:/Program Files (x86)/POB-Technology/POBTOOLS4/sdk/pobeye2\libpob2.a(timer.o)
ListOfForm          0x50              ./P3_Functions_Integrated.o
ScreenBuffer        0x8               ./P3_Functions_Integrated.o
Timer0UserProcess   0x4               C:/Program Files (x86)/POB-Technology/POBTOOLS4/sdk/pobeye2\libpob2.a(timer.o)
uart0IntrBuffer     0x40              C:/Program Files (x86)/POB-Technology/POBTOOLS4/sdk/pobeye2\libpob2.a(uart0.o)
uart0IntrWrite      0x4               C:/Program Files (x86)/POB-Technology/POBTOOLS4/sdk/pobeye2\libpob2.a(uart0.o)

Discarded input sections

 .debug_frame   0x00000000        0x0 c:/program files (x86)/yagarto/bin/../lib/gcc/arm-elf/4.4.1/interwork\libgcc.a(_udivsi3.o)
 .debug_line    0x00000000        0x0 c:/program files (x86)/yagarto/bin/../lib/gcc/arm-elf/4.4.1/interwork\libgcc.a(_udivsi3.o)
 .debug_info    0x00000000        0x0 c:/program files (x86)/yagarto/bin/../lib/gcc/arm-elf/4.4.1/interwork\libgcc.a(_udivsi3.o)
 .debug_abbrev  0x00000000        0x0 c:/program files (x86)/yagarto/bin/../lib/gcc/arm-elf/4.4.1/interwork\libgcc.a(_udivsi3.o)
 .debug_aranges
                0x00000000        0x0 c:/program files (x86)/yagarto/bin/../lib/gcc/arm-elf/4.4.1/interwork\libgcc.a(_udivsi3.o)
 .debug_frame   0x00000000        0x0 c:/program files (x86)/yagarto/bin/../lib/gcc/arm-elf/4.4.1/interwork\libgcc.a(_divsi3.o)
 .debug_line    0x00000000        0x0 c:/program files (x86)/yagarto/bin/../lib/gcc/arm-elf/4.4.1/interwork\libgcc.a(_divsi3.o)
 .debug_info    0x00000000        0x0 c:/program files (x86)/yagarto/bin/../lib/gcc/arm-elf/4.4.1/interwork\libgcc.a(_divsi3.o)
 .debug_abbrev  0x00000000        0x0 c:/program files (x86)/yagarto/bin/../lib/gcc/arm-elf/4.4.1/interwork\libgcc.a(_divsi3.o)
 .debug_aranges
                0x00000000        0x0 c:/program files (x86)/yagarto/bin/../lib/gcc/arm-elf/4.4.1/interwork\libgcc.a(_divsi3.o)
 .debug_frame   0x00000000        0x0 c:/program files (x86)/yagarto/bin/../lib/gcc/arm-elf/4.4.1/interwork\libgcc.a(_umodsi3.o)
 .debug_line    0x00000000        0x0 c:/program files (x86)/yagarto/bin/../lib/gcc/arm-elf/4.4.1/interwork\libgcc.a(_umodsi3.o)
 .debug_info    0x00000000        0x0 c:/program files (x86)/yagarto/bin/../lib/gcc/arm-elf/4.4.1/interwork\libgcc.a(_umodsi3.o)
 .debug_abbrev  0x00000000        0x0 c:/program files (x86)/yagarto/bin/../lib/gcc/arm-elf/4.4.1/interwork\libgcc.a(_umodsi3.o)
 .debug_aranges
                0x00000000        0x0 c:/program files (x86)/yagarto/bin/../lib/gcc/arm-elf/4.4.1/interwork\libgcc.a(_umodsi3.o)
 .debug_line    0x00000000        0x0 c:/program files (x86)/yagarto/bin/../lib/gcc/arm-elf/4.4.1/interwork\libgcc.a(_dvmd_tls.o)
 .debug_info    0x00000000        0x0 c:/program files (x86)/yagarto/bin/../lib/gcc/arm-elf/4.4.1/interwork\libgcc.a(_dvmd_tls.o)
 .debug_abbrev  0x00000000        0x0 c:/program files (x86)/yagarto/bin/../lib/gcc/arm-elf/4.4.1/interwork\libgcc.a(_dvmd_tls.o)
 .debug_aranges
                0x00000000        0x0 c:/program files (x86)/yagarto/bin/../lib/gcc/arm-elf/4.4.1/interwork\libgcc.a(_dvmd_tls.o)
 .debug_line    0x00000000        0x0 c:/program files (x86)/yagarto/bin/../lib/gcc/arm-elf/4.4.1/interwork\libgcc.a(_arm_addsubdf3.o)
 .debug_info    0x00000000        0x0 c:/program files (x86)/yagarto/bin/../lib/gcc/arm-elf/4.4.1/interwork\libgcc.a(_arm_addsubdf3.o)
 .debug_abbrev  0x00000000        0x0 c:/program files (x86)/yagarto/bin/../lib/gcc/arm-elf/4.4.1/interwork\libgcc.a(_arm_addsubdf3.o)
 .debug_aranges
                0x00000000        0x0 c:/program files (x86)/yagarto/bin/../lib/gcc/arm-elf/4.4.1/interwork\libgcc.a(_arm_addsubdf3.o)
 .debug_line    0x00000000        0x0 c:/program files (x86)/yagarto/bin/../lib/gcc/arm-elf/4.4.1/interwork\libgcc.a(_arm_muldivdf3.o)
 .debug_info    0x00000000        0x0 c:/program files (x86)/yagarto/bin/../lib/gcc/arm-elf/4.4.1/interwork\libgcc.a(_arm_muldivdf3.o)
 .debug_abbrev  0x00000000        0x0 c:/program files (x86)/yagarto/bin/../lib/gcc/arm-elf/4.4.1/interwork\libgcc.a(_arm_muldivdf3.o)
 .debug_aranges
                0x00000000        0x0 c:/program files (x86)/yagarto/bin/../lib/gcc/arm-elf/4.4.1/interwork\libgcc.a(_arm_muldivdf3.o)
 .debug_line    0x00000000        0x0 c:/program files (x86)/yagarto/bin/../lib/gcc/arm-elf/4.4.1/interwork\libgcc.a(_arm_truncdfsf2.o)
 .debug_info    0x00000000        0x0 c:/program files (x86)/yagarto/bin/../lib/gcc/arm-elf/4.4.1/interwork\libgcc.a(_arm_truncdfsf2.o)
 .debug_abbrev  0x00000000        0x0 c:/program files (x86)/yagarto/bin/../lib/gcc/arm-elf/4.4.1/interwork\libgcc.a(_arm_truncdfsf2.o)
 .debug_aranges
                0x00000000        0x0 c:/program files (x86)/yagarto/bin/../lib/gcc/arm-elf/4.4.1/interwork\libgcc.a(_arm_truncdfsf2.o)
 .debug_line    0x00000000        0x0 c:/program files (x86)/yagarto/bin/../lib/gcc/arm-elf/4.4.1/interwork\libgcc.a(_arm_addsubsf3.o)
 .debug_info    0x00000000        0x0 c:/program files (x86)/yagarto/bin/../lib/gcc/arm-elf/4.4.1/interwork\libgcc.a(_arm_addsubsf3.o)
 .debug_abbrev  0x00000000        0x0 c:/program files (x86)/yagarto/bin/../lib/gcc/arm-elf/4.4.1/interwork\libgcc.a(_arm_addsubsf3.o)
 .debug_aranges
                0x00000000        0x0 c:/program files (x86)/yagarto/bin/../lib/gcc/arm-elf/4.4.1/interwork\libgcc.a(_arm_addsubsf3.o)
 .debug_line    0x00000000        0x0 c:/program files (x86)/yagarto/bin/../lib/gcc/arm-elf/4.4.1/interwork\libgcc.a(_arm_muldivsf3.o)
 .debug_info    0x00000000        0x0 c:/program files (x86)/yagarto/bin/../lib/gcc/arm-elf/4.4.1/interwork\libgcc.a(_arm_muldivsf3.o)
 .debug_abbrev  0x00000000        0x0 c:/program files (x86)/yagarto/bin/../lib/gcc/arm-elf/4.4.1/interwork\libgcc.a(_arm_muldivsf3.o)
 .debug_aranges
                0x00000000        0x0 c:/program files (x86)/yagarto/bin/../lib/gcc/arm-elf/4.4.1/interwork\libgcc.a(_arm_muldivsf3.o)
 .debug_line    0x00000000        0x0 c:/program files (x86)/yagarto/bin/../lib/gcc/arm-elf/4.4.1/interwork\libgcc.a(_arm_fixunssfsi.o)
 .debug_info    0x00000000        0x0 c:/program files (x86)/yagarto/bin/../lib/gcc/arm-elf/4.4.1/interwork\libgcc.a(_arm_fixunssfsi.o)
 .debug_abbrev  0x00000000        0x0 c:/program files (x86)/yagarto/bin/../lib/gcc/arm-elf/4.4.1/interwork\libgcc.a(_arm_fixunssfsi.o)
 .debug_aranges
                0x00000000        0x0 c:/program files (x86)/yagarto/bin/../lib/gcc/arm-elf/4.4.1/interwork\libgcc.a(_arm_fixunssfsi.o)

Memory Configuration

Name             Origin             Length             Attributes
flash            0x00000000         0x0001e000
ram              0x40000000         0x0000ffe0
*default*        0x00000000         0xffffffff

Linker script and memory map

LOAD ./P3_Functions_Integrated.o
LOAD ./detectImage.o
LOAD ./actions.o
LOAD c:/program files (x86)/yagarto/bin/../lib/gcc/arm-elf/4.4.1/../../../../arm-elf/lib/interwork\libc.a
LOAD c:/program files (x86)/yagarto/bin/../lib/gcc/arm-elf/4.4.1/../../../../arm-elf/lib/interwork\libm.a
LOAD c:/program files (x86)/yagarto/bin/../lib/gcc/arm-elf/4.4.1/interwork\libgcc.a
LOAD C:/Program Files (x86)/POB-Technology/POBTOOLS4/sdk/pobeye2\boot.o
LOAD C:/Program Files (x86)/POB-Technology/POBTOOLS4/sdk/pobeye2\libpob2.a
START GROUP
LOAD c:/program files (x86)/yagarto/bin/../lib/gcc/arm-elf/4.4.1/interwork\libgcc.a
LOAD c:/program files (x86)/yagarto/bin/../lib/gcc/arm-elf/4.4.1/../../../../arm-elf/lib/interwork\libc.a
END GROUP
                0x00000000                . = 0x0

startup         0x00000000       0x48
 *(.startup)
 .startup       0x00000000       0x48 C:/Program Files (x86)/POB-Technology/POBTOOLS4/sdk/pobeye2\boot.o

prog            0x00000048     0xa6a0
 *(.text)
 .text          0x00000048       0x50 ./P3_Functions_Integrated.o
                0x00000048                main
 .text          0x00000098      0x14c ./detectImage.o
                0x0000016c                DetectImageInit
                0x00000098                SignRecognition
 .text          0x000001e4     0x1620 ./actions.o
                0x00000804                Initialization
                0x00001244                MoveBot
                0x00000674                InitAsciiBuffer
                0x000006d0                InitPobProto
                0x000001e4                PrintTextOnPobLCD
                0x00001650                MoveCamera
                0x000002e4                is_valid
                0x0000083c                PrintStatus
 .text          0x00001804       0xb8 C:/Program Files (x86)/POB-Technology/POBTOOLS4/sdk/pobeye2\boot.o
                0x00001804                start
                0x000018a0                endless_loop
 .text          0x000018bc      0x110 C:/Program Files (x86)/POB-Technology/POBTOOLS4/sdk/pobeye2\libpob2.a(init.o)
                0x000019bc                intr_swi
                0x000018d8                InitPobeye2
                0x000019b8                intr_undefined
                0x000019c8                intr_fiq
                0x000019c4                intr_dabort
                0x000019c0                intr_pabort
 .text          0x000019cc      0x568 C:/Program Files (x86)/POB-Technology/POBTOOLS4/sdk/pobeye2\libpob2.a(uart0.o)
                0x00001d38                InitUART0
                0x00001ab0                SetUART0Configuration
                0x00001ed0                InitUART0Intr
                0x00001db0                FlushUART0
                0x00001de8                SendByteToUART0
                0x000019cc                Uart0IrqHandler
                0x00001dc8                IsUART0Empty
                0x00001e48                GetByteFromUART0
                0x00001e98                GetBufferFromUART0
                0x00001e6c                GetByteFromUART0NoWait
                0x00001e10                SendBufferToUART0
                0x00001a50                GetByteFromUART0Intr
 .text          0x00001f34      0x29c C:/Program Files (x86)/POB-Technology/POBTOOLS4/sdk/pobeye2\libpob2.a(i2c.o)
                0x00002114                WriteOnI2C
                0x00001f34                InitI2C
                0x0000206c                ReadOnI2C
                0x00002150                WriteBufferOnI2C
                0x000021a4                StopI2C
                0x000020ac                ReadOnI2CWithAck
                0x00001f98                SendSlaveAddress
 .text          0x000021d0      0x5b8 C:/Program Files (x86)/POB-Technology/POBTOOLS4/sdk/pobeye2\libpob2.a(cam_pobeye2.o)
                0x00002480                SetCameraParameter
                0x00002360                GrabRGBFrame
                0x000021dc                InitCameraPobeye2ForCubot
                0x000024b0                QvgaRaw
                0x00002708                InitCameraPobeye2
                0x000021d0                GetRGBFrame
                0x00002248                GrabFullRGBFrame
 .text          0x00002788     0x1288 C:/Program Files (x86)/POB-Technology/POBTOOLS4/sdk/pobeye2\libpob2.a(visio.o)
                0x00002848                GetHSLFrame
                0x00002788                BinaryRGBFrame
                0x00003480                TestPattern
                0x00002cb0                CutForm
                0x0000387c                IdentifyForm
                0x00002b7c                Square
                0x00002994                GetHSVFrame
                0x00003214                FindFormWithCadrige
                0x00002b34                GrayAPixel
                0x000032c0                DrawVec
                0x00002ac8                GrayRGBFrame
 .text          0x00003a10       0x3c C:/Program Files (x86)/POB-Technology/POBTOOLS4/sdk/pobeye2\libpob2.a(interrupt.o)
                0x00003a30                restoreIRQ
                0x00003a10                enableIRQ
                0x00003a20                disableIRQ
 .text          0x00003a4c      0x91c C:/Program Files (x86)/POB-Technology/POBTOOLS4/sdk/pobeye2\libpob2.a(pob-proto.o)
                0x000042d0                GetPinPortA
                0x00003eb0                GetPinPortC
                0x00003ca0                SetPortD
                0x000042b8                SetPinPortA
                0x00003a4c                SendToSapien
                0x00003cc8                SetPortA
                0x000042a0                ClearPinPortA
                0x00003bbc                SetServoMotorFull
                0x00003cf0                SetPortDAsServo
                0x00004058                ClearPinPortD
                0x000041cc                GetPortA
                0x00003c78                SetPortC
                0x00004088                GetPinPortD
                0x00003ac0                SwitchOffOneServoFull
                0x00003c20                SetServoMotor
                0x00003e98                SetPinPortC
                0x00003ba4                SwitchOffAllServo
                0x00003b4c                SwitchOffOneServo
                0x00004070                SetPinPortD
                0x00003a74                SwitchOnOneServoFull
                0x00003e80                ClearPinPortC
                0x00003d08                SetPobProto
                0x00003da0                GetPortC
                0x00003d70                SendEcho
                0x00004148                GetPortAnalog
                0x00003b0c                SwitchOnOneServo
                0x00003f50                GetPortD
                0x00003b8c                SwitchOnAllServo
 .text          0x00004368      0x8b8 C:/Program Files (x86)/POB-Technology/POBTOOLS4/sdk/pobeye2\libpob2.a(graph.o)
                0x00004368                InitGraphicBuffer
                0x000047a0                DrawBitmap
                0x000043c8                PlotAPoint
                0x00004380                ClearGraphicBuffer
                0x000044c8                DrawLine
                0x00004684                GetBitmapWidth
                0x00004714                GetBitmapHeight
                0x00004438                DrawComponentInABufferVideo
 .text          0x00004c20      0x814 C:/Program Files (x86)/POB-Technology/POBTOOLS4/sdk/pobeye2\libpob2.a(lcd.o)
                0x00004c8c                SetPageXYZ
                0x00004cc4                SetLCDIO
                0x00004c20                SetData
                0x00004c60                TicTac
                0x00004ce8                DrawLCD
                0x000053f8                InitLCD
                0x000050b0                DrawRightLCD
                0x00005258                DrawLeftLCD
 .text          0x00005434      0x4a8 C:/Program Files (x86)/POB-Technology/POBTOOLS4/sdk/pobeye2\libpob2.a(pob_printf.o)
                0x0000589c                PrintTextOnPobTerminal
                0x0000586c                PrintToABuffer
                0x000058bc                PrintToUart0
 .text          0x000058dc      0x1ec C:/Program Files (x86)/POB-Technology/POBTOOLS4/sdk/pobeye2\libpob2.a(utils.o)
                0x00005a78                WaitMs
                0x000058dc                SetLed
                0x000059fc                Wait_4Us
                0x0000590c                Bin2Dec
                0x000058f4                ClearLed
                0x00005a60                Wait_100Us
                0x00005a90                SendString
                0x000059cc                Bin2Hex
 .text          0x00005ac8      0x214 C:/Program Files (x86)/POB-Technology/POBTOOLS4/sdk/pobeye2\libpob2.a(io-bus.o)
                0x00005b74                ClrOutput
                0x00005bc0                ReadByte
                0x00005b14                GetInput
                0x00005b44                SetOutput
                0x00005c50                WriteByte
                0x00005ac8                SetIOWay
                0x00005ba4                ClrAndSetOuput
 .text          0x00005cdc      0x1d8 C:/Program Files (x86)/POB-Technology/POBTOOLS4/sdk/pobeye2\libpob2.a(timer.o)
                0x00005cdc                WaitUs
                0x00005d30                StartClock
                0x00005e1c                Timer0AttachFunction
                0x00005de4                StopTimer0
                0x00005d98                Timer0IrqHandler
                0x00005e2c                Timer0DetachFunction
                0x00005e40                InitTimer0
                0x00005d74                GetClock
                0x00005df4                IsTimer0Overflow
                0x00005d84                StopClock
 .text          0x00005eb4      0x114 c:/program files (x86)/yagarto/bin/../lib/gcc/arm-elf/4.4.1/interwork\libgcc.a(_udivsi3.o)
                0x00005eb4                __udivsi3
                0x00005eb4                __aeabi_uidiv
                0x00005fb0                __aeabi_uidivmod
 .text          0x00005fc8      0x144 c:/program files (x86)/yagarto/bin/../lib/gcc/arm-elf/4.4.1/interwork\libgcc.a(_divsi3.o)
                0x00005fc8                __aeabi_idiv
                0x00005fc8                __divsi3
                0x000060f4                __aeabi_idivmod
 .text          0x0000610c       0xd0 c:/program files (x86)/yagarto/bin/../lib/gcc/arm-elf/4.4.1/interwork\libgcc.a(_umodsi3.o)
                0x0000610c                __umodsi3
 .text          0x000061dc        0x4 c:/program files (x86)/yagarto/bin/../lib/gcc/arm-elf/4.4.1/interwork\libgcc.a(_dvmd_tls.o)
                0x000061dc                __aeabi_ldiv0
                0x000061dc                __div0
                0x000061dc                __aeabi_idiv0
 .text          0x000061e0      0x430 c:/program files (x86)/yagarto/bin/../lib/gcc/arm-elf/4.4.1/interwork\libgcc.a(_arm_addsubdf3.o)
                0x000065a4                __floatdidf
                0x00006524                __floatsidf
                0x000064fc                __aeabi_ui2d
                0x000061e0                __aeabi_drsub
                0x00006550                __extendsfdf2
                0x000061ec                __adddf3
                0x000064fc                __floatunsidf
                0x000061ec                __aeabi_dadd
                0x00006590                __aeabi_ul2d
                0x000061e8                __aeabi_dsub
                0x00006590                __floatundidf
                0x00006524                __aeabi_i2d
                0x000065a4                __aeabi_l2d
                0x00006550                __aeabi_f2d
                0x000061e8                __subdf3
 .text          0x00006610      0x49c c:/program files (x86)/yagarto/bin/../lib/gcc/arm-elf/4.4.1/interwork\libgcc.a(_arm_muldivdf3.o)
                0x000068a0                __aeabi_ddiv
                0x00006610                __aeabi_dmul
                0x000068a0                __divdf3
                0x00006610                __muldf3
 .text          0x00006aac       0xa0 c:/program files (x86)/yagarto/bin/../lib/gcc/arm-elf/4.4.1/interwork\libgcc.a(_arm_truncdfsf2.o)
                0x00006aac                __aeabi_d2f
                0x00006aac                __truncdfsf2
 .text          0x00006b4c      0x2ac c:/program files (x86)/yagarto/bin/../lib/gcc/arm-elf/4.4.1/interwork\libgcc.a(_arm_addsubsf3.o)
                0x00006b58                __aeabi_fadd
                0x00006b54                __subsf3
                0x00006d1c                __aeabi_i2f
                0x00006b54                __aeabi_fsub
                0x00006d4c                __floatdisf
                0x00006d1c                __floatsisf
                0x00006d3c                __floatundisf
                0x00006d14                __aeabi_ui2f
                0x00006d4c                __aeabi_l2f
                0x00006d3c                __aeabi_ul2f
                0x00006b4c                __aeabi_frsub
                0x00006d14                __floatunsisf
                0x00006b58                __addsf3
 .text          0x00006df8      0x2f8 c:/program files (x86)/yagarto/bin/../lib/gcc/arm-elf/4.4.1/interwork\libgcc.a(_arm_muldivsf3.o)
                0x00006f90                __divsf3
                0x00006f90                __aeabi_fdiv
                0x00006df8                __mulsf3
                0x00006df8                __aeabi_fmul
 .text          0x000070f0       0x54 c:/program files (x86)/yagarto/bin/../lib/gcc/arm-elf/4.4.1/interwork\libgcc.a(_arm_fixunssfsi.o)
                0x000070f0                __aeabi_f2uiz
                0x000070f0                __fixunssfsi
 *(.rodata)
 .rodata        0x00007144      0x470 ./detectImage.o
                0x00007144                pattern
 .rodata        0x000075b4     0x3028 ./actions.o
                0x000075b4                bitmap
 .rodata        0x0000a5dc        0x8 C:/Program Files (x86)/POB-Technology/POBTOOLS4/sdk/pobeye2\libpob2.a(i2c.o)
 *(.rodata*)
 .rodata.str1.4
                0x0000a5e4       0xfb ./actions.o
                                0x110 (size before relaxing)
 *fill*         0x0000a6df        0x1 00
 .rodata.str1.4
                0x0000a6e0        0x8 C:/Program Files (x86)/POB-Technology/POBTOOLS4/sdk/pobeye2\libpob2.a(pob_printf.o)
 *(.glue_7)
 .glue_7        0x0000a6e8        0x0 ./P3_Functions_Integrated.o
 .glue_7        0x0000a6e8        0x0 ./detectImage.o
 .glue_7        0x0000a6e8        0x0 ./actions.o
 .glue_7        0x0000a6e8        0x0 C:/Program Files (x86)/POB-Technology/POBTOOLS4/sdk/pobeye2\boot.o
 .glue_7        0x0000a6e8        0x0 C:/Program Files (x86)/POB-Technology/POBTOOLS4/sdk/pobeye2\libpob2.a(init.o)
 .glue_7        0x0000a6e8        0x0 C:/Program Files (x86)/POB-Technology/POBTOOLS4/sdk/pobeye2\libpob2.a(uart0.o)
 .glue_7        0x0000a6e8        0x0 C:/Program Files (x86)/POB-Technology/POBTOOLS4/sdk/pobeye2\libpob2.a(i2c.o)
 .glue_7        0x0000a6e8        0x0 C:/Program Files (x86)/POB-Technology/POBTOOLS4/sdk/pobeye2\libpob2.a(cam_pobeye2.o)
 .glue_7        0x0000a6e8        0x0 C:/Program Files (x86)/POB-Technology/POBTOOLS4/sdk/pobeye2\libpob2.a(visio.o)
 .glue_7        0x0000a6e8        0x0 C:/Program Files (x86)/POB-Technology/POBTOOLS4/sdk/pobeye2\libpob2.a(interrupt.o)
 .glue_7        0x0000a6e8        0x0 C:/Program Files (x86)/POB-Technology/POBTOOLS4/sdk/pobeye2\libpob2.a(pob-proto.o)
 .glue_7        0x0000a6e8        0x0 C:/Program Files (x86)/POB-Technology/POBTOOLS4/sdk/pobeye2\libpob2.a(graph.o)
 .glue_7        0x0000a6e8        0x0 C:/Program Files (x86)/POB-Technology/POBTOOLS4/sdk/pobeye2\libpob2.a(lcd.o)
 .glue_7        0x0000a6e8        0x0 C:/Program Files (x86)/POB-Technology/POBTOOLS4/sdk/pobeye2\libpob2.a(pob_printf.o)
 .glue_7        0x0000a6e8        0x0 C:/Program Files (x86)/POB-Technology/POBTOOLS4/sdk/pobeye2\libpob2.a(utils.o)
 .glue_7        0x0000a6e8        0x0 C:/Program Files (x86)/POB-Technology/POBTOOLS4/sdk/pobeye2\libpob2.a(io-bus.o)
 .glue_7        0x0000a6e8        0x0 C:/Program Files (x86)/POB-Technology/POBTOOLS4/sdk/pobeye2\libpob2.a(timer.o)
 .glue_7        0x0000a6e8        0x0 c:/program files (x86)/yagarto/bin/../lib/gcc/arm-elf/4.4.1/interwork\libgcc.a(_udivsi3.o)
 .glue_7        0x0000a6e8        0x0 c:/program files (x86)/yagarto/bin/../lib/gcc/arm-elf/4.4.1/interwork\libgcc.a(_divsi3.o)
 .glue_7        0x0000a6e8        0x0 c:/program files (x86)/yagarto/bin/../lib/gcc/arm-elf/4.4.1/interwork\libgcc.a(_umodsi3.o)
 .glue_7        0x0000a6e8        0x0 c:/program files (x86)/yagarto/bin/../lib/gcc/arm-elf/4.4.1/interwork\libgcc.a(_dvmd_tls.o)
 .glue_7        0x0000a6e8        0x0 c:/program files (x86)/yagarto/bin/../lib/gcc/arm-elf/4.4.1/interwork\libgcc.a(_arm_addsubdf3.o)
 .glue_7        0x0000a6e8        0x0 c:/program files (x86)/yagarto/bin/../lib/gcc/arm-elf/4.4.1/interwork\libgcc.a(_arm_muldivdf3.o)
 .glue_7        0x0000a6e8        0x0 c:/program files (x86)/yagarto/bin/../lib/gcc/arm-elf/4.4.1/interwork\libgcc.a(_arm_truncdfsf2.o)
 .glue_7        0x0000a6e8        0x0 c:/program files (x86)/yagarto/bin/../lib/gcc/arm-elf/4.4.1/interwork\libgcc.a(_arm_addsubsf3.o)
 .glue_7        0x0000a6e8        0x0 c:/program files (x86)/yagarto/bin/../lib/gcc/arm-elf/4.4.1/interwork\libgcc.a(_arm_muldivsf3.o)
 .glue_7        0x0000a6e8        0x0 c:/program files (x86)/yagarto/bin/../lib/gcc/arm-elf/4.4.1/interwork\libgcc.a(_arm_fixunssfsi.o)
 *(.glue_7t)
 .glue_7t       0x0000a6e8        0x0 ./P3_Functions_Integrated.o
 .glue_7t       0x0000a6e8        0x0 ./detectImage.o
 .glue_7t       0x0000a6e8        0x0 ./actions.o
 .glue_7t       0x0000a6e8        0x0 C:/Program Files (x86)/POB-Technology/POBTOOLS4/sdk/pobeye2\boot.o
 .glue_7t       0x0000a6e8        0x0 C:/Program Files (x86)/POB-Technology/POBTOOLS4/sdk/pobeye2\libpob2.a(init.o)
 .glue_7t       0x0000a6e8        0x0 C:/Program Files (x86)/POB-Technology/POBTOOLS4/sdk/pobeye2\libpob2.a(uart0.o)
 .glue_7t       0x0000a6e8        0x0 C:/Program Files (x86)/POB-Technology/POBTOOLS4/sdk/pobeye2\libpob2.a(i2c.o)
 .glue_7t       0x0000a6e8        0x0 C:/Program Files (x86)/POB-Technology/POBTOOLS4/sdk/pobeye2\libpob2.a(cam_pobeye2.o)
 .glue_7t       0x0000a6e8        0x0 C:/Program Files (x86)/POB-Technology/POBTOOLS4/sdk/pobeye2\libpob2.a(visio.o)
 .glue_7t       0x0000a6e8        0x0 C:/Program Files (x86)/POB-Technology/POBTOOLS4/sdk/pobeye2\libpob2.a(interrupt.o)
 .glue_7t       0x0000a6e8        0x0 C:/Program Files (x86)/POB-Technology/POBTOOLS4/sdk/pobeye2\libpob2.a(pob-proto.o)
 .glue_7t       0x0000a6e8        0x0 C:/Program Files (x86)/POB-Technology/POBTOOLS4/sdk/pobeye2\libpob2.a(graph.o)
 .glue_7t       0x0000a6e8        0x0 C:/Program Files (x86)/POB-Technology/POBTOOLS4/sdk/pobeye2\libpob2.a(lcd.o)
 .glue_7t       0x0000a6e8        0x0 C:/Program Files (x86)/POB-Technology/POBTOOLS4/sdk/pobeye2\libpob2.a(pob_printf.o)
 .glue_7t       0x0000a6e8        0x0 C:/Program Files (x86)/POB-Technology/POBTOOLS4/sdk/pobeye2\libpob2.a(utils.o)
 .glue_7t       0x0000a6e8        0x0 C:/Program Files (x86)/POB-Technology/POBTOOLS4/sdk/pobeye2\libpob2.a(io-bus.o)
 .glue_7t       0x0000a6e8        0x0 C:/Program Files (x86)/POB-Technology/POBTOOLS4/sdk/pobeye2\libpob2.a(timer.o)
 .glue_7t       0x0000a6e8        0x0 c:/program files (x86)/yagarto/bin/../lib/gcc/arm-elf/4.4.1/interwork\libgcc.a(_udivsi3.o)
 .glue_7t       0x0000a6e8        0x0 c:/program files (x86)/yagarto/bin/../lib/gcc/arm-elf/4.4.1/interwork\libgcc.a(_divsi3.o)
 .glue_7t       0x0000a6e8        0x0 c:/program files (x86)/yagarto/bin/../lib/gcc/arm-elf/4.4.1/interwork\libgcc.a(_umodsi3.o)
 .glue_7t       0x0000a6e8        0x0 c:/program files (x86)/yagarto/bin/../lib/gcc/arm-elf/4.4.1/interwork\libgcc.a(_dvmd_tls.o)
 .glue_7t       0x0000a6e8        0x0 c:/program files (x86)/yagarto/bin/../lib/gcc/arm-elf/4.4.1/interwork\libgcc.a(_arm_addsubdf3.o)
 .glue_7t       0x0000a6e8        0x0 c:/program files (x86)/yagarto/bin/../lib/gcc/arm-elf/4.4.1/interwork\libgcc.a(_arm_muldivdf3.o)
 .glue_7t       0x0000a6e8        0x0 c:/program files (x86)/yagarto/bin/../lib/gcc/arm-elf/4.4.1/interwork\libgcc.a(_arm_truncdfsf2.o)
 .glue_7t       0x0000a6e8        0x0 c:/program files (x86)/yagarto/bin/../lib/gcc/arm-elf/4.4.1/interwork\libgcc.a(_arm_addsubsf3.o)
 .glue_7t       0x0000a6e8        0x0 c:/program files (x86)/yagarto/bin/../lib/gcc/arm-elf/4.4.1/interwork\libgcc.a(_arm_muldivsf3.o)
 .glue_7t       0x0000a6e8        0x0 c:/program files (x86)/yagarto/bin/../lib/gcc/arm-elf/4.4.1/interwork\libgcc.a(_arm_fixunssfsi.o)

.vfp11_veneer   0x00000000        0x0
 .vfp11_veneer  0x00000000        0x0 ./P3_Functions_Integrated.o
 .vfp11_veneer  0x00000000        0x0 ./detectImage.o
 .vfp11_veneer  0x00000000        0x0 ./actions.o
 .vfp11_veneer  0x00000000        0x0 C:/Program Files (x86)/POB-Technology/POBTOOLS4/sdk/pobeye2\boot.o
 .vfp11_veneer  0x00000000        0x0 C:/Program Files (x86)/POB-Technology/POBTOOLS4/sdk/pobeye2\libpob2.a(init.o)
 .vfp11_veneer  0x00000000        0x0 C:/Program Files (x86)/POB-Technology/POBTOOLS4/sdk/pobeye2\libpob2.a(uart0.o)
 .vfp11_veneer  0x00000000        0x0 C:/Program Files (x86)/POB-Technology/POBTOOLS4/sdk/pobeye2\libpob2.a(i2c.o)
 .vfp11_veneer  0x00000000        0x0 C:/Program Files (x86)/POB-Technology/POBTOOLS4/sdk/pobeye2\libpob2.a(cam_pobeye2.o)
 .vfp11_veneer  0x00000000        0x0 C:/Program Files (x86)/POB-Technology/POBTOOLS4/sdk/pobeye2\libpob2.a(visio.o)
 .vfp11_veneer  0x00000000        0x0 C:/Program Files (x86)/POB-Technology/POBTOOLS4/sdk/pobeye2\libpob2.a(interrupt.o)
 .vfp11_veneer  0x00000000        0x0 C:/Program Files (x86)/POB-Technology/POBTOOLS4/sdk/pobeye2\libpob2.a(pob-proto.o)
 .vfp11_veneer  0x00000000        0x0 C:/Program Files (x86)/POB-Technology/POBTOOLS4/sdk/pobeye2\libpob2.a(graph.o)
 .vfp11_veneer  0x00000000        0x0 C:/Program Files (x86)/POB-Technology/POBTOOLS4/sdk/pobeye2\libpob2.a(lcd.o)
 .vfp11_veneer  0x00000000        0x0 C:/Program Files (x86)/POB-Technology/POBTOOLS4/sdk/pobeye2\libpob2.a(pob_printf.o)
 .vfp11_veneer  0x00000000        0x0 C:/Program Files (x86)/POB-Technology/POBTOOLS4/sdk/pobeye2\libpob2.a(utils.o)
 .vfp11_veneer  0x00000000        0x0 C:/Program Files (x86)/POB-Technology/POBTOOLS4/sdk/pobeye2\libpob2.a(io-bus.o)
 .vfp11_veneer  0x00000000        0x0 C:/Program Files (x86)/POB-Technology/POBTOOLS4/sdk/pobeye2\libpob2.a(timer.o)
 .vfp11_veneer  0x00000000        0x0 c:/program files (x86)/yagarto/bin/../lib/gcc/arm-elf/4.4.1/interwork\libgcc.a(_udivsi3.o)
 .vfp11_veneer  0x00000000        0x0 c:/program files (x86)/yagarto/bin/../lib/gcc/arm-elf/4.4.1/interwork\libgcc.a(_divsi3.o)
 .vfp11_veneer  0x00000000        0x0 c:/program files (x86)/yagarto/bin/../lib/gcc/arm-elf/4.4.1/interwork\libgcc.a(_umodsi3.o)
 .vfp11_veneer  0x00000000        0x0 c:/program files (x86)/yagarto/bin/../lib/gcc/arm-elf/4.4.1/interwork\libgcc.a(_dvmd_tls.o)
 .vfp11_veneer  0x00000000        0x0 c:/program files (x86)/yagarto/bin/../lib/gcc/arm-elf/4.4.1/interwork\libgcc.a(_arm_addsubdf3.o)
 .vfp11_veneer  0x00000000        0x0 c:/program files (x86)/yagarto/bin/../lib/gcc/arm-elf/4.4.1/interwork\libgcc.a(_arm_muldivdf3.o)
 .vfp11_veneer  0x00000000        0x0 c:/program files (x86)/yagarto/bin/../lib/gcc/arm-elf/4.4.1/interwork\libgcc.a(_arm_truncdfsf2.o)
 .vfp11_veneer  0x00000000        0x0 c:/program files (x86)/yagarto/bin/../lib/gcc/arm-elf/4.4.1/interwork\libgcc.a(_arm_addsubsf3.o)
 .vfp11_veneer  0x00000000        0x0 c:/program files (x86)/yagarto/bin/../lib/gcc/arm-elf/4.4.1/interwork\libgcc.a(_arm_muldivsf3.o)
 .vfp11_veneer  0x00000000        0x0 c:/program files (x86)/yagarto/bin/../lib/gcc/arm-elf/4.4.1/interwork\libgcc.a(_arm_fixunssfsi.o)

.v4_bx          0x00000000        0x0
 .v4_bx         0x00000000        0x0 ./P3_Functions_Integrated.o
 .v4_bx         0x00000000        0x0 ./detectImage.o
 .v4_bx         0x00000000        0x0 ./actions.o
 .v4_bx         0x00000000        0x0 C:/Program Files (x86)/POB-Technology/POBTOOLS4/sdk/pobeye2\boot.o
 .v4_bx         0x00000000        0x0 C:/Program Files (x86)/POB-Technology/POBTOOLS4/sdk/pobeye2\libpob2.a(init.o)
 .v4_bx         0x00000000        0x0 C:/Program Files (x86)/POB-Technology/POBTOOLS4/sdk/pobeye2\libpob2.a(uart0.o)
 .v4_bx         0x00000000        0x0 C:/Program Files (x86)/POB-Technology/POBTOOLS4/sdk/pobeye2\libpob2.a(i2c.o)
 .v4_bx         0x00000000        0x0 C:/Program Files (x86)/POB-Technology/POBTOOLS4/sdk/pobeye2\libpob2.a(cam_pobeye2.o)
 .v4_bx         0x00000000        0x0 C:/Program Files (x86)/POB-Technology/POBTOOLS4/sdk/pobeye2\libpob2.a(visio.o)
 .v4_bx         0x00000000        0x0 C:/Program Files (x86)/POB-Technology/POBTOOLS4/sdk/pobeye2\libpob2.a(interrupt.o)
 .v4_bx         0x00000000        0x0 C:/Program Files (x86)/POB-Technology/POBTOOLS4/sdk/pobeye2\libpob2.a(pob-proto.o)
 .v4_bx         0x00000000        0x0 C:/Program Files (x86)/POB-Technology/POBTOOLS4/sdk/pobeye2\libpob2.a(graph.o)
 .v4_bx         0x00000000        0x0 C:/Program Files (x86)/POB-Technology/POBTOOLS4/sdk/pobeye2\libpob2.a(lcd.o)
 .v4_bx         0x00000000        0x0 C:/Program Files (x86)/POB-Technology/POBTOOLS4/sdk/pobeye2\libpob2.a(pob_printf.o)
 .v4_bx         0x00000000        0x0 C:/Program Files (x86)/POB-Technology/POBTOOLS4/sdk/pobeye2\libpob2.a(utils.o)
 .v4_bx         0x00000000        0x0 C:/Program Files (x86)/POB-Technology/POBTOOLS4/sdk/pobeye2\libpob2.a(io-bus.o)
 .v4_bx         0x00000000        0x0 C:/Program Files (x86)/POB-Technology/POBTOOLS4/sdk/pobeye2\libpob2.a(timer.o)
 .v4_bx         0x00000000        0x0 c:/program files (x86)/yagarto/bin/../lib/gcc/arm-elf/4.4.1/interwork\libgcc.a(_udivsi3.o)
 .v4_bx         0x00000000        0x0 c:/program files (x86)/yagarto/bin/../lib/gcc/arm-elf/4.4.1/interwork\libgcc.a(_divsi3.o)
 .v4_bx         0x00000000        0x0 c:/program files (x86)/yagarto/bin/../lib/gcc/arm-elf/4.4.1/interwork\libgcc.a(_umodsi3.o)
 .v4_bx         0x00000000        0x0 c:/program files (x86)/yagarto/bin/../lib/gcc/arm-elf/4.4.1/interwork\libgcc.a(_dvmd_tls.o)
 .v4_bx         0x00000000        0x0 c:/program files (x86)/yagarto/bin/../lib/gcc/arm-elf/4.4.1/interwork\libgcc.a(_arm_addsubdf3.o)
 .v4_bx         0x00000000        0x0 c:/program files (x86)/yagarto/bin/../lib/gcc/arm-elf/4.4.1/interwork\libgcc.a(_arm_muldivdf3.o)
 .v4_bx         0x00000000        0x0 c:/program files (x86)/yagarto/bin/../lib/gcc/arm-elf/4.4.1/interwork\libgcc.a(_arm_truncdfsf2.o)
 .v4_bx         0x00000000        0x0 c:/program files (x86)/yagarto/bin/../lib/gcc/arm-elf/4.4.1/interwork\libgcc.a(_arm_addsubsf3.o)
 .v4_bx         0x00000000        0x0 c:/program files (x86)/yagarto/bin/../lib/gcc/arm-elf/4.4.1/interwork\libgcc.a(_arm_muldivsf3.o)
 .v4_bx         0x00000000        0x0 c:/program files (x86)/yagarto/bin/../lib/gcc/arm-elf/4.4.1/interwork\libgcc.a(_arm_fixunssfsi.o)

.eh_frame
 *(.eh_frame)
                0x00000000                __end_of_text__ = .

.data           0x40000000        0x0 load address 0x0000a6e8
                0x40000000                __data_beg__ = .
                0x0000a6e8                __data_beg_src__ = __end_of_text__
 *(.data)
 .data          0x40000000        0x0 ./P3_Functions_Integrated.o
 .data          0x40000000        0x0 ./detectImage.o
 .data          0x40000000        0x0 ./actions.o
 .data          0x40000000        0x0 C:/Program Files (x86)/POB-Technology/POBTOOLS4/sdk/pobeye2\boot.o
 .data          0x40000000        0x0 C:/Program Files (x86)/POB-Technology/POBTOOLS4/sdk/pobeye2\libpob2.a(init.o)
 .data          0x40000000        0x0 C:/Program Files (x86)/POB-Technology/POBTOOLS4/sdk/pobeye2\libpob2.a(uart0.o)
 .data          0x40000000        0x0 C:/Program Files (x86)/POB-Technology/POBTOOLS4/sdk/pobeye2\libpob2.a(i2c.o)
 .data          0x40000000        0x0 C:/Program Files (x86)/POB-Technology/POBTOOLS4/sdk/pobeye2\libpob2.a(cam_pobeye2.o)
 .data          0x40000000        0x0 C:/Program Files (x86)/POB-Technology/POBTOOLS4/sdk/pobeye2\libpob2.a(visio.o)
 .data          0x40000000        0x0 C:/Program Files (x86)/POB-Technology/POBTOOLS4/sdk/pobeye2\libpob2.a(interrupt.o)
 .data          0x40000000        0x0 C:/Program Files (x86)/POB-Technology/POBTOOLS4/sdk/pobeye2\libpob2.a(pob-proto.o)
 .data          0x40000000        0x0 C:/Program Files (x86)/POB-Technology/POBTOOLS4/sdk/pobeye2\libpob2.a(graph.o)
 .data          0x40000000        0x0 C:/Program Files (x86)/POB-Technology/POBTOOLS4/sdk/pobeye2\libpob2.a(lcd.o)
 .data          0x40000000        0x0 C:/Program Files (x86)/POB-Technology/POBTOOLS4/sdk/pobeye2\libpob2.a(pob_printf.o)
 .data          0x40000000        0x0 C:/Program Files (x86)/POB-Technology/POBTOOLS4/sdk/pobeye2\libpob2.a(utils.o)
 .data          0x40000000        0x0 C:/Program Files (x86)/POB-Technology/POBTOOLS4/sdk/pobeye2\libpob2.a(io-bus.o)
 .data          0x40000000        0x0 C:/Program Files (x86)/POB-Technology/POBTOOLS4/sdk/pobeye2\libpob2.a(timer.o)
 .data          0x40000000        0x0 c:/program files (x86)/yagarto/bin/../lib/gcc/arm-elf/4.4.1/interwork\libgcc.a(_udivsi3.o)
 .data          0x40000000        0x0 c:/program files (x86)/yagarto/bin/../lib/gcc/arm-elf/4.4.1/interwork\libgcc.a(_divsi3.o)
 .data          0x40000000        0x0 c:/program files (x86)/yagarto/bin/../lib/gcc/arm-elf/4.4.1/interwork\libgcc.a(_umodsi3.o)
 .data          0x40000000        0x0 c:/program files (x86)/yagarto/bin/../lib/gcc/arm-elf/4.4.1/interwork\libgcc.a(_dvmd_tls.o)
 .data          0x40000000        0x0 c:/program files (x86)/yagarto/bin/../lib/gcc/arm-elf/4.4.1/interwork\libgcc.a(_arm_addsubdf3.o)
 .data          0x40000000        0x0 c:/program files (x86)/yagarto/bin/../lib/gcc/arm-elf/4.4.1/interwork\libgcc.a(_arm_muldivdf3.o)
 .data          0x40000000        0x0 c:/program files (x86)/yagarto/bin/../lib/gcc/arm-elf/4.4.1/interwork\libgcc.a(_arm_truncdfsf2.o)
 .data          0x40000000        0x0 c:/program files (x86)/yagarto/bin/../lib/gcc/arm-elf/4.4.1/interwork\libgcc.a(_arm_addsubsf3.o)
 .data          0x40000000        0x0 c:/program files (x86)/yagarto/bin/../lib/gcc/arm-elf/4.4.1/interwork\libgcc.a(_arm_muldivsf3.o)
 .data          0x40000000        0x0 c:/program files (x86)/yagarto/bin/../lib/gcc/arm-elf/4.4.1/interwork\libgcc.a(_arm_fixunssfsi.o)
                0x40000000                __data_end__ = .

.bss            0x40000000     0x57bc
                0x40000000                __bss_beg__ = .
 *(.bss)
 .bss           0x40000000        0x0 ./P3_Functions_Integrated.o
 .bss           0x40000000        0x0 ./detectImage.o
 .bss           0x40000000      0x808 ./actions.o
 .bss           0x40000808        0x0 C:/Program Files (x86)/POB-Technology/POBTOOLS4/sdk/pobeye2\boot.o
 .bss           0x40000808        0x0 C:/Program Files (x86)/POB-Technology/POBTOOLS4/sdk/pobeye2\libpob2.a(init.o)
 .bss           0x40000808        0x0 C:/Program Files (x86)/POB-Technology/POBTOOLS4/sdk/pobeye2\libpob2.a(uart0.o)
 .bss           0x40000808        0x0 C:/Program Files (x86)/POB-Technology/POBTOOLS4/sdk/pobeye2\libpob2.a(i2c.o)
 .bss           0x40000808     0x4b00 C:/Program Files (x86)/POB-Technology/POBTOOLS4/sdk/pobeye2\libpob2.a(cam_pobeye2.o)
 .bss           0x40005308        0x0 C:/Program Files (x86)/POB-Technology/POBTOOLS4/sdk/pobeye2\libpob2.a(visio.o)
 .bss           0x40005308        0x0 C:/Program Files (x86)/POB-Technology/POBTOOLS4/sdk/pobeye2\libpob2.a(interrupt.o)
 .bss           0x40005308        0x0 C:/Program Files (x86)/POB-Technology/POBTOOLS4/sdk/pobeye2\libpob2.a(pob-proto.o)
 .bss           0x40005308        0x0 C:/Program Files (x86)/POB-Technology/POBTOOLS4/sdk/pobeye2\libpob2.a(graph.o)
 .bss           0x40005308        0x0 C:/Program Files (x86)/POB-Technology/POBTOOLS4/sdk/pobeye2\libpob2.a(lcd.o)
 .bss           0x40005308        0x0 C:/Program Files (x86)/POB-Technology/POBTOOLS4/sdk/pobeye2\libpob2.a(pob_printf.o)
 .bss           0x40005308        0x0 C:/Program Files (x86)/POB-Technology/POBTOOLS4/sdk/pobeye2\libpob2.a(utils.o)
 .bss           0x40005308        0x0 C:/Program Files (x86)/POB-Technology/POBTOOLS4/sdk/pobeye2\libpob2.a(io-bus.o)
 .bss           0x40005308        0x0 C:/Program Files (x86)/POB-Technology/POBTOOLS4/sdk/pobeye2\libpob2.a(timer.o)
 .bss           0x40005308        0x0 c:/program files (x86)/yagarto/bin/../lib/gcc/arm-elf/4.4.1/interwork\libgcc.a(_udivsi3.o)
 .bss           0x40005308        0x0 c:/program files (x86)/yagarto/bin/../lib/gcc/arm-elf/4.4.1/interwork\libgcc.a(_divsi3.o)
 .bss           0x40005308        0x0 c:/program files (x86)/yagarto/bin/../lib/gcc/arm-elf/4.4.1/interwork\libgcc.a(_umodsi3.o)
 .bss           0x40005308        0x0 c:/program files (x86)/yagarto/bin/../lib/gcc/arm-elf/4.4.1/interwork\libgcc.a(_dvmd_tls.o)
 .bss           0x40005308        0x0 c:/program files (x86)/yagarto/bin/../lib/gcc/arm-elf/4.4.1/interwork\libgcc.a(_arm_addsubdf3.o)
 .bss           0x40005308        0x0 c:/program files (x86)/yagarto/bin/../lib/gcc/arm-elf/4.4.1/interwork\libgcc.a(_arm_muldivdf3.o)
 .bss           0x40005308        0x0 c:/program files (x86)/yagarto/bin/../lib/gcc/arm-elf/4.4.1/interwork\libgcc.a(_arm_truncdfsf2.o)
 .bss           0x40005308        0x0 c:/program files (x86)/yagarto/bin/../lib/gcc/arm-elf/4.4.1/interwork\libgcc.a(_arm_addsubsf3.o)
 .bss           0x40005308        0x0 c:/program files (x86)/yagarto/bin/../lib/gcc/arm-elf/4.4.1/interwork\libgcc.a(_arm_muldivsf3.o)
 .bss           0x40005308        0x0 c:/program files (x86)/yagarto/bin/../lib/gcc/arm-elf/4.4.1/interwork\libgcc.a(_arm_fixunssfsi.o)
 COMMON         0x40005308      0x464 ./P3_Functions_Integrated.o
                0x40005308                FrameFromCam
                0x4000530c                PrevDir
                0x40005310                Nb_Identify
                0x40005311                i
                0x40005314                LCD_Buffer
                0x40005714                ListOfForm
                0x40005764                ScreenBuffer
 COMMON         0x4000576c       0x48 C:/Program Files (x86)/POB-Technology/POBTOOLS4/sdk/pobeye2\libpob2.a(uart0.o)
                0x4000576c                uart0UserRead
                0x40005770                uart0IntrBuffer
                0x400057b0                uart0IntrWrite
 COMMON         0x400057b4        0x8 C:/Program Files (x86)/POB-Technology/POBTOOLS4/sdk/pobeye2\libpob2.a(timer.o)
                0x400057b4                Timer0Flag
                0x400057b8                Timer0UserProcess

.stack          0x40005800     0x2000
                0x40007800                . = (. + 0x2000)
 *fill*         0x40005800     0x2000 00
                0x40007800                __stack_end__ = .
                0x40007800                . = ALIGN (0x4)
                0x40007800                . = ALIGN (0x4)
                0x40007800                _end = .
                0x40007800                _bss_end__ = .
                0x40007800                __bss_end__ = .
                0x40007800                __end__ = .
                0x40007800                PROVIDE (end, .)
OUTPUT(./Assignment3.elf elf32-littlearm)

.comment        0x00000000      0x120
 .comment       0x00000000       0x12 ./P3_Functions_Integrated.o
 .comment       0x00000012       0x12 ./detectImage.o
 .comment       0x00000024       0x12 ./actions.o
 .comment       0x00000036       0x12 C:/Program Files (x86)/POB-Technology/POBTOOLS4/sdk/pobeye2\libpob2.a(init.o)
 .comment       0x00000048       0x12 C:/Program Files (x86)/POB-Technology/POBTOOLS4/sdk/pobeye2\libpob2.a(uart0.o)
 .comment       0x0000005a       0x12 C:/Program Files (x86)/POB-Technology/POBTOOLS4/sdk/pobeye2\libpob2.a(i2c.o)
 .comment       0x0000006c       0x12 C:/Program Files (x86)/POB-Technology/POBTOOLS4/sdk/pobeye2\libpob2.a(cam_pobeye2.o)
 .comment       0x0000007e       0x12 C:/Program Files (x86)/POB-Technology/POBTOOLS4/sdk/pobeye2\libpob2.a(visio.o)
 .comment       0x00000090       0x12 C:/Program Files (x86)/POB-Technology/POBTOOLS4/sdk/pobeye2\libpob2.a(interrupt.o)
 .comment       0x000000a2       0x12 C:/Program Files (x86)/POB-Technology/POBTOOLS4/sdk/pobeye2\libpob2.a(pob-proto.o)
 .comment       0x000000b4       0x12 C:/Program Files (x86)/POB-Technology/POBTOOLS4/sdk/pobeye2\libpob2.a(graph.o)
 .comment       0x000000c6       0x12 C:/Program Files (x86)/POB-Technology/POBTOOLS4/sdk/pobeye2\libpob2.a(lcd.o)
 .comment       0x000000d8       0x12 C:/Program Files (x86)/POB-Technology/POBTOOLS4/sdk/pobeye2\libpob2.a(pob_printf.o)
 .comment       0x000000ea       0x12 C:/Program Files (x86)/POB-Technology/POBTOOLS4/sdk/pobeye2\libpob2.a(utils.o)
 .comment       0x000000fc       0x12 C:/Program Files (x86)/POB-Technology/POBTOOLS4/sdk/pobeye2\libpob2.a(io-bus.o)
 .comment       0x0000010e       0x12 C:/Program Files (x86)/POB-Technology/POBTOOLS4/sdk/pobeye2\libpob2.a(timer.o)

.ARM.attributes
                0x00000000       0x10
 .ARM.attributes
                0x00000000       0x10 ./P3_Functions_Integrated.o
 .ARM.attributes
                0x00000010       0x10 ./detectImage.o
 .ARM.attributes
                0x00000020       0x10 ./actions.o
 .ARM.attributes
                0x00000030       0x10 C:/Program Files (x86)/POB-Technology/POBTOOLS4/sdk/pobeye2\boot.o
 .ARM.attributes
                0x00000040       0x10 C:/Program Files (x86)/POB-Technology/POBTOOLS4/sdk/pobeye2\libpob2.a(init.o)
 .ARM.attributes
                0x00000050       0x10 C:/Program Files (x86)/POB-Technology/POBTOOLS4/sdk/pobeye2\libpob2.a(uart0.o)
 .ARM.attributes
                0x00000060       0x10 C:/Program Files (x86)/POB-Technology/POBTOOLS4/sdk/pobeye2\libpob2.a(i2c.o)
 .ARM.attributes
                0x00000070       0x10 C:/Program Files (x86)/POB-Technology/POBTOOLS4/sdk/pobeye2\libpob2.a(cam_pobeye2.o)
 .ARM.attributes
                0x00000080       0x10 C:/Program Files (x86)/POB-Technology/POBTOOLS4/sdk/pobeye2\libpob2.a(visio.o)
 .ARM.attributes
                0x00000090       0x10 C:/Program Files (x86)/POB-Technology/POBTOOLS4/sdk/pobeye2\libpob2.a(interrupt.o)
 .ARM.attributes
                0x000000a0       0x10 C:/Program Files (x86)/POB-Technology/POBTOOLS4/sdk/pobeye2\libpob2.a(pob-proto.o)
 .ARM.attributes
                0x000000b0       0x10 C:/Program Files (x86)/POB-Technology/POBTOOLS4/sdk/pobeye2\libpob2.a(graph.o)
 .ARM.attributes
                0x000000c0       0x10 C:/Program Files (x86)/POB-Technology/POBTOOLS4/sdk/pobeye2\libpob2.a(lcd.o)
 .ARM.attributes
                0x000000d0       0x10 C:/Program Files (x86)/POB-Technology/POBTOOLS4/sdk/pobeye2\libpob2.a(pob_printf.o)
 .ARM.attributes
                0x000000e0       0x10 C:/Program Files (x86)/POB-Technology/POBTOOLS4/sdk/pobeye2\libpob2.a(utils.o)
 .ARM.attributes
                0x000000f0       0x10 C:/Program Files (x86)/POB-Technology/POBTOOLS4/sdk/pobeye2\libpob2.a(io-bus.o)
 .ARM.attributes
                0x00000100       0x10 C:/Program Files (x86)/POB-Technology/POBTOOLS4/sdk/pobeye2\libpob2.a(timer.o)
 .ARM.attributes
                0x00000110       0x10 c:/program files (x86)/yagarto/bin/../lib/gcc/arm-elf/4.4.1/interwork\libgcc.a(_udivsi3.o)
 .ARM.attributes
                0x00000120       0x10 c:/program files (x86)/yagarto/bin/../lib/gcc/arm-elf/4.4.1/interwork\libgcc.a(_divsi3.o)
 .ARM.attributes
                0x00000130       0x10 c:/program files (x86)/yagarto/bin/../lib/gcc/arm-elf/4.4.1/interwork\libgcc.a(_umodsi3.o)
 .ARM.attributes
                0x00000140       0x10 c:/program files (x86)/yagarto/bin/../lib/gcc/arm-elf/4.4.1/interwork\libgcc.a(_dvmd_tls.o)
 .ARM.attributes
                0x00000150       0x10 c:/program files (x86)/yagarto/bin/../lib/gcc/arm-elf/4.4.1/interwork\libgcc.a(_arm_addsubdf3.o)
 .ARM.attributes
                0x00000160       0x10 c:/program files (x86)/yagarto/bin/../lib/gcc/arm-elf/4.4.1/interwork\libgcc.a(_arm_muldivdf3.o)
 .ARM.attributes
                0x00000170       0x10 c:/program files (x86)/yagarto/bin/../lib/gcc/arm-elf/4.4.1/interwork\libgcc.a(_arm_truncdfsf2.o)
 .ARM.attributes
                0x00000180       0x10 c:/program files (x86)/yagarto/bin/../lib/gcc/arm-elf/4.4.1/interwork\libgcc.a(_arm_addsubsf3.o)
 .ARM.attributes
                0x00000190       0x10 c:/program files (x86)/yagarto/bin/../lib/gcc/arm-elf/4.4.1/interwork\libgcc.a(_arm_muldivsf3.o)
 .ARM.attributes
                0x000001a0       0x10 c:/program files (x86)/yagarto/bin/../lib/gcc/arm-elf/4.4.1/interwork\libgcc.a(_arm_fixunssfsi.o)

.debug_frame

.debug_line

.debug_info

.debug_abbrev

.debug_aranges
